###############################################################################
#
# IAR ELF Linker V8.40.2.214/W32 for ARM                  22/Dec/2019  20:07:27
# Copyright 2007-2019 IAR Systems AB.
#
#    Output file  =
#        F:\SeggerRTOS\FreeRTOS\FreeRTOSv10.2.1_191129\FreeRTOS\Demo\CORTEX_M4F_STM32F407ZG-SK\Flash
#        Debug\Exe\RTOSDemo.out
#    Map file     =
#        F:\SeggerRTOS\FreeRTOS\FreeRTOSv10.2.1_191129\FreeRTOS\Demo\CORTEX_M4F_STM32F407ZG-SK\Flash
#        Debug\List\RTOSDemo.map
#    Command line =
#        -f C:\Users\ADRIAN~1\AppData\Local\Temp\EW86E3.tmp
#        ("F:\SeggerRTOS\FreeRTOS\FreeRTOSv10.2.1_191129\FreeRTOS\Demo\CORTEX_M4F_STM32F407ZG-SK\Flash
#        Debug\Obj\BlockQ.o"
#        "F:\SeggerRTOS\FreeRTOS\FreeRTOSv10.2.1_191129\FreeRTOS\Demo\CORTEX_M4F_STM32F407ZG-SK\Flash
#        Debug\Obj\blocktim.o"
#        "F:\SeggerRTOS\FreeRTOS\FreeRTOSv10.2.1_191129\FreeRTOS\Demo\CORTEX_M4F_STM32F407ZG-SK\Flash
#        Debug\Obj\countsem.o"
#        "F:\SeggerRTOS\FreeRTOS\FreeRTOSv10.2.1_191129\FreeRTOS\Demo\CORTEX_M4F_STM32F407ZG-SK\Flash
#        Debug\Obj\death.o"
#        "F:\SeggerRTOS\FreeRTOS\FreeRTOSv10.2.1_191129\FreeRTOS\Demo\CORTEX_M4F_STM32F407ZG-SK\Flash
#        Debug\Obj\dynamic.o"
#        "F:\SeggerRTOS\FreeRTOS\FreeRTOSv10.2.1_191129\FreeRTOS\Demo\CORTEX_M4F_STM32F407ZG-SK\Flash
#        Debug\Obj\flash.o"
#        "F:\SeggerRTOS\FreeRTOS\FreeRTOSv10.2.1_191129\FreeRTOS\Demo\CORTEX_M4F_STM32F407ZG-SK\Flash
#        Debug\Obj\GenQTest.o"
#        "F:\SeggerRTOS\FreeRTOS\FreeRTOSv10.2.1_191129\FreeRTOS\Demo\CORTEX_M4F_STM32F407ZG-SK\Flash
#        Debug\Obj\heap_2.o"
#        "F:\SeggerRTOS\FreeRTOS\FreeRTOSv10.2.1_191129\FreeRTOS\Demo\CORTEX_M4F_STM32F407ZG-SK\Flash
#        Debug\Obj\iar_stm32f407zg_sk.o"
#        "F:\SeggerRTOS\FreeRTOS\FreeRTOSv10.2.1_191129\FreeRTOS\Demo\CORTEX_M4F_STM32F407ZG-SK\Flash
#        Debug\Obj\integer.o"
#        "F:\SeggerRTOS\FreeRTOS\FreeRTOSv10.2.1_191129\FreeRTOS\Demo\CORTEX_M4F_STM32F407ZG-SK\Flash
#        Debug\Obj\list.o"
#        "F:\SeggerRTOS\FreeRTOS\FreeRTOSv10.2.1_191129\FreeRTOS\Demo\CORTEX_M4F_STM32F407ZG-SK\Flash
#        Debug\Obj\main.o"
#        "F:\SeggerRTOS\FreeRTOS\FreeRTOSv10.2.1_191129\FreeRTOS\Demo\CORTEX_M4F_STM32F407ZG-SK\Flash
#        Debug\Obj\misc.o"
#        "F:\SeggerRTOS\FreeRTOS\FreeRTOSv10.2.1_191129\FreeRTOS\Demo\CORTEX_M4F_STM32F407ZG-SK\Flash
#        Debug\Obj\ParTest.o"
#        "F:\SeggerRTOS\FreeRTOS\FreeRTOSv10.2.1_191129\FreeRTOS\Demo\CORTEX_M4F_STM32F407ZG-SK\Flash
#        Debug\Obj\PollQ.o"
#        "F:\SeggerRTOS\FreeRTOS\FreeRTOSv10.2.1_191129\FreeRTOS\Demo\CORTEX_M4F_STM32F407ZG-SK\Flash
#        Debug\Obj\port.o"
#        "F:\SeggerRTOS\FreeRTOS\FreeRTOSv10.2.1_191129\FreeRTOS\Demo\CORTEX_M4F_STM32F407ZG-SK\Flash
#        Debug\Obj\portasm.o"
#        "F:\SeggerRTOS\FreeRTOS\FreeRTOSv10.2.1_191129\FreeRTOS\Demo\CORTEX_M4F_STM32F407ZG-SK\Flash
#        Debug\Obj\queue.o"
#        "F:\SeggerRTOS\FreeRTOS\FreeRTOSv10.2.1_191129\FreeRTOS\Demo\CORTEX_M4F_STM32F407ZG-SK\Flash
#        Debug\Obj\recmutex.o"
#        "F:\SeggerRTOS\FreeRTOS\FreeRTOSv10.2.1_191129\FreeRTOS\Demo\CORTEX_M4F_STM32F407ZG-SK\Flash
#        Debug\Obj\RegTest.o"
#        "F:\SeggerRTOS\FreeRTOS\FreeRTOSv10.2.1_191129\FreeRTOS\Demo\CORTEX_M4F_STM32F407ZG-SK\Flash
#        Debug\Obj\semtest.o"
#        "F:\SeggerRTOS\FreeRTOS\FreeRTOSv10.2.1_191129\FreeRTOS\Demo\CORTEX_M4F_STM32F407ZG-SK\Flash
#        Debug\Obj\sp_flop.o"
#        "F:\SeggerRTOS\FreeRTOS\FreeRTOSv10.2.1_191129\FreeRTOS\Demo\CORTEX_M4F_STM32F407ZG-SK\Flash
#        Debug\Obj\startup_stm32f4xx.o"
#        "F:\SeggerRTOS\FreeRTOS\FreeRTOSv10.2.1_191129\FreeRTOS\Demo\CORTEX_M4F_STM32F407ZG-SK\Flash
#        Debug\Obj\stm32f4xx_exti.o"
#        "F:\SeggerRTOS\FreeRTOS\FreeRTOSv10.2.1_191129\FreeRTOS\Demo\CORTEX_M4F_STM32F407ZG-SK\Flash
#        Debug\Obj\stm32f4xx_gpio.o"
#        "F:\SeggerRTOS\FreeRTOS\FreeRTOSv10.2.1_191129\FreeRTOS\Demo\CORTEX_M4F_STM32F407ZG-SK\Flash
#        Debug\Obj\stm32f4xx_it.o"
#        "F:\SeggerRTOS\FreeRTOS\FreeRTOSv10.2.1_191129\FreeRTOS\Demo\CORTEX_M4F_STM32F407ZG-SK\Flash
#        Debug\Obj\stm32f4xx_rcc.o"
#        "F:\SeggerRTOS\FreeRTOS\FreeRTOSv10.2.1_191129\FreeRTOS\Demo\CORTEX_M4F_STM32F407ZG-SK\Flash
#        Debug\Obj\stm32f4xx_syscfg.o"
#        "F:\SeggerRTOS\FreeRTOS\FreeRTOSv10.2.1_191129\FreeRTOS\Demo\CORTEX_M4F_STM32F407ZG-SK\Flash
#        Debug\Obj\system_stm32f4xx.o"
#        "F:\SeggerRTOS\FreeRTOS\FreeRTOSv10.2.1_191129\FreeRTOS\Demo\CORTEX_M4F_STM32F407ZG-SK\Flash
#        Debug\Obj\tasks.o"
#        "F:\SeggerRTOS\FreeRTOS\FreeRTOSv10.2.1_191129\FreeRTOS\Demo\CORTEX_M4F_STM32F407ZG-SK\Flash
#        Debug\Obj\timers.o" --redirect _Printf=_PrintfLarge --redirect
#        _Scanf=_ScanfSmall --no_out_extension -o
#        "F:\SeggerRTOS\FreeRTOS\FreeRTOSv10.2.1_191129\FreeRTOS\Demo\CORTEX_M4F_STM32F407ZG-SK\Flash
#        Debug\Exe\RTOSDemo.out" --map
#        "F:\SeggerRTOS\FreeRTOS\FreeRTOSv10.2.1_191129\FreeRTOS\Demo\CORTEX_M4F_STM32F407ZG-SK\Flash
#        Debug\List\RTOSDemo.map" --config
#        F:\SeggerRTOS\FreeRTOS\FreeRTOSv10.2.1_191129\FreeRTOS\Demo\CORTEX_M4F_STM32F407ZG-SK\config\stm32f4xx_flash.icf
#        --semihosting --entry __iar_program_start --redirect
#        __iar_sh_stdout=__iar_sh_stdout_swo --vfe --text_out locale)
#
###############################################################################

*******************************************************************************
*** RUNTIME MODEL ATTRIBUTES
***

CppFlavor       = *
__SystemLibrary = DLib
__dlib_version  = 6


*******************************************************************************
*** HEAP SELECTION
***

The basic heap was selected because no calls to memory allocation
functions were found in the application outside of system library
functions, and there are calls to deallocation functions in the
application.


*******************************************************************************
*** PLACEMENT SUMMARY
***

"A0":  place at address 0x800'0000 { ro section .intvec };
"P1":  place in [from 0x800'0000 to 0x80f'ffff] { ro };
define block CSTACK with size = 1K, alignment = 8 { };
define block HEAP with size = 512, alignment = 8 { };
"P2":  place in [from 0x2000'0000 to 0x2001'ffff] {
          rw, block CSTACK, block HEAP };
initialize by copy { rw };

  Section            Kind         Address      Size  Object
  -------            ----         -------      ----  ------
"A0":                                         0x188
  .intvec            ro code   0x800'0000     0x188  startup_stm32f4xx.o [1]
                             - 0x800'0188     0x188

"P1":                                        0x2ae4
  .text              ro code   0x800'0188     0xa54  tasks.o [1]
  .text              ro code   0x800'0bdc     0x148  heap_2.o [1]
  .text              ro code   0x800'0d24      0x66  ABImemset.o [4]
  .text              ro code   0x800'0d8a      0x9a  list.o [1]
  .text              ro code   0x800'0e24     0x25c  port.o [1]
  .text              ro code   0x800'1080     0x474  timers.o [1]
  .text              ro code   0x800'14f4     0x246  main.o [1]
  .text              ro code   0x800'173a      0x3a  zero_init3.o [4]
  CODE               ro code   0x800'1774      0xb0  portasm.o [1]
  .text              ro code   0x800'1824     0x7c8  queue.o [1]
  .text              ro code   0x800'1fec      0x7c  flash.o [1]
  .text              ro code   0x800'2068      0x38  sp_flop.o [1]
  .text              ro code   0x800'20a0      0x38  integer.o [1]
  .text              ro code   0x800'20d8      0x60  dynamic.o [1]
  .text              ro code   0x800'2138      0x5c  BlockQ.o [1]
  .text              ro code   0x800'2194      0x50  blocktim.o [1]
  .text              ro code   0x800'21e4      0x58  GenQTest.o [1]
  .text              ro code   0x800'223c      0x78  recmutex.o [1]
  .text              ro code   0x800'22b4      0x5c  death.o [1]
  .text              ro code   0x800'2310      0x2c  PollQ.o [1]
  .text              ro code   0x800'233c      0x38  semtest.o [1]
  .text              ro code   0x800'2374      0x12  ParTest.o [1]
  .text              ro code   0x800'2386      0x2e  copy_init3.o [4]
  .text              ro code   0x800'23b4     0x124  system_stm32f4xx.o [1]
  .text              ro code   0x800'24d8      0x88  misc.o [1]
  CODE               ro code   0x800'2560     0x3d4  RegTest.o [1]
  .text              ro code   0x800'2934       0xc  stm32f4xx_exti.o [1]
  .text              ro code   0x800'2940      0xa6  ABImemcpy.o [4]
  .rodata            const     0x800'29e6       0x2  heap_2.o [1]
  .text              ro code   0x800'29e8      0x28  data_init.o [4]
  .text              ro code   0x800'2a10      0x22  fpinit_M.o [3]
  .iar.init_table    const     0x800'2a34      0x24  - Linker created -
  .text              ro code   0x800'2a58      0x1e  cmain.o [4]
  .text              ro code   0x800'2a76       0x4  low_level_init.o [2]
  .text              ro code   0x800'2a7a       0x4  exit.o [2]
  .text              ro code   0x800'2a80       0xa  cexit.o [4]
  .text              ro code   0x800'2a8c      0x14  exit.o [5]
  .text              ro code   0x800'2aa0      0x10  startup_stm32f4xx.o [1]
  Initializer bytes  const     0x800'2ab0      0x10  <for P2-1>
  .text              ro code   0x800'2ac0       0xc  stm32f4xx_it.o [1]
  .text              ro code   0x800'2acc       0xc  cstartup_M.o [4]
  .rodata            const     0x800'2ad8       0x8  flash.o [1]
  .rodata            const     0x800'2ae0       0x8  tasks.o [1]
  .rodata            const     0x800'2ae8       0x8  timers.o [1]
  .rodata            const     0x800'2af0       0x8  timers.o [1]
  .rodata            const     0x800'2af8       0x4  death.o [1]
  .rodata            const     0x800'2afc       0x4  port.o [1]
  .text              ro code   0x800'2b00       0x4  startup_stm32f4xx.o [1]
  .text              ro code   0x800'2b04       0x4  startup_stm32f4xx.o [1]
  .text              ro code   0x800'2b08       0x4  startup_stm32f4xx.o [1]
  .text              ro code   0x800'2b0c       0x4  startup_stm32f4xx.o [1]
  .text              ro code   0x800'2b10       0x4  startup_stm32f4xx.o [1]
  .text              ro code   0x800'2b14       0x4  startup_stm32f4xx.o [1]
  .text              ro code   0x800'2b18       0x4  startup_stm32f4xx.o [1]
  .text              ro code   0x800'2b1c       0x4  startup_stm32f4xx.o [1]
  .text              ro code   0x800'2b20       0x4  startup_stm32f4xx.o [1]
  .text              ro code   0x800'2b24       0x4  startup_stm32f4xx.o [1]
  .text              ro code   0x800'2b28       0x4  startup_stm32f4xx.o [1]
  .text              ro code   0x800'2b2c       0x4  startup_stm32f4xx.o [1]
  .text              ro code   0x800'2b30       0x4  startup_stm32f4xx.o [1]
  .text              ro code   0x800'2b34       0x4  startup_stm32f4xx.o [1]
  .text              ro code   0x800'2b38       0x4  startup_stm32f4xx.o [1]
  .text              ro code   0x800'2b3c       0x4  startup_stm32f4xx.o [1]
  .text              ro code   0x800'2b40       0x4  startup_stm32f4xx.o [1]
  .text              ro code   0x800'2b44       0x4  startup_stm32f4xx.o [1]
  .text              ro code   0x800'2b48       0x4  startup_stm32f4xx.o [1]
  .text              ro code   0x800'2b4c       0x4  startup_stm32f4xx.o [1]
  .text              ro code   0x800'2b50       0x4  startup_stm32f4xx.o [1]
  .text              ro code   0x800'2b54       0x4  startup_stm32f4xx.o [1]
  .text              ro code   0x800'2b58       0x4  startup_stm32f4xx.o [1]
  .text              ro code   0x800'2b5c       0x4  startup_stm32f4xx.o [1]
  .text              ro code   0x800'2b60       0x4  startup_stm32f4xx.o [1]
  .text              ro code   0x800'2b64       0x4  startup_stm32f4xx.o [1]
  .text              ro code   0x800'2b68       0x4  startup_stm32f4xx.o [1]
  .text              ro code   0x800'2b6c       0x4  startup_stm32f4xx.o [1]
  .text              ro code   0x800'2b70       0x4  startup_stm32f4xx.o [1]
  .text              ro code   0x800'2b74       0x4  startup_stm32f4xx.o [1]
  .text              ro code   0x800'2b78       0x4  startup_stm32f4xx.o [1]
  .text              ro code   0x800'2b7c       0x4  startup_stm32f4xx.o [1]
  .text              ro code   0x800'2b80       0x4  startup_stm32f4xx.o [1]
  .text              ro code   0x800'2b84       0x4  startup_stm32f4xx.o [1]
  .text              ro code   0x800'2b88       0x4  startup_stm32f4xx.o [1]
  .text              ro code   0x800'2b8c       0x4  startup_stm32f4xx.o [1]
  .text              ro code   0x800'2b90       0x4  startup_stm32f4xx.o [1]
  .text              ro code   0x800'2b94       0x4  startup_stm32f4xx.o [1]
  .text              ro code   0x800'2b98       0x4  startup_stm32f4xx.o [1]
  .text              ro code   0x800'2b9c       0x4  startup_stm32f4xx.o [1]
  .text              ro code   0x800'2ba0       0x4  startup_stm32f4xx.o [1]
  .text              ro code   0x800'2ba4       0x4  startup_stm32f4xx.o [1]
  .text              ro code   0x800'2ba8       0x4  startup_stm32f4xx.o [1]
  .text              ro code   0x800'2bac       0x4  startup_stm32f4xx.o [1]
  .text              ro code   0x800'2bb0       0x4  startup_stm32f4xx.o [1]
  .text              ro code   0x800'2bb4       0x4  startup_stm32f4xx.o [1]
  .text              ro code   0x800'2bb8       0x4  startup_stm32f4xx.o [1]
  .text              ro code   0x800'2bbc       0x4  startup_stm32f4xx.o [1]
  .text              ro code   0x800'2bc0       0x4  startup_stm32f4xx.o [1]
  .text              ro code   0x800'2bc4       0x4  startup_stm32f4xx.o [1]
  .text              ro code   0x800'2bc8       0x4  startup_stm32f4xx.o [1]
  .text              ro code   0x800'2bcc       0x4  startup_stm32f4xx.o [1]
  .text              ro code   0x800'2bd0       0x4  startup_stm32f4xx.o [1]
  .text              ro code   0x800'2bd4       0x4  startup_stm32f4xx.o [1]
  .text              ro code   0x800'2bd8       0x4  startup_stm32f4xx.o [1]
  .text              ro code   0x800'2bdc       0x4  startup_stm32f4xx.o [1]
  .text              ro code   0x800'2be0       0x4  startup_stm32f4xx.o [1]
  .text              ro code   0x800'2be4       0x4  startup_stm32f4xx.o [1]
  .text              ro code   0x800'2be8       0x4  startup_stm32f4xx.o [1]
  .text              ro code   0x800'2bec       0x4  startup_stm32f4xx.o [1]
  .text              ro code   0x800'2bf0       0x4  startup_stm32f4xx.o [1]
  .text              ro code   0x800'2bf4       0x4  startup_stm32f4xx.o [1]
  .text              ro code   0x800'2bf8       0x4  startup_stm32f4xx.o [1]
  .text              ro code   0x800'2bfc       0x4  startup_stm32f4xx.o [1]
  .text              ro code   0x800'2c00       0x4  startup_stm32f4xx.o [1]
  .text              ro code   0x800'2c04       0x4  startup_stm32f4xx.o [1]
  .text              ro code   0x800'2c08       0x4  startup_stm32f4xx.o [1]
  .text              ro code   0x800'2c0c       0x4  startup_stm32f4xx.o [1]
  .text              ro code   0x800'2c10       0x4  startup_stm32f4xx.o [1]
  .text              ro code   0x800'2c14       0x4  startup_stm32f4xx.o [1]
  .text              ro code   0x800'2c18       0x4  startup_stm32f4xx.o [1]
  .text              ro code   0x800'2c1c       0x4  startup_stm32f4xx.o [1]
  .text              ro code   0x800'2c20       0x4  startup_stm32f4xx.o [1]
  .text              ro code   0x800'2c24       0x4  startup_stm32f4xx.o [1]
  .text              ro code   0x800'2c28       0x4  startup_stm32f4xx.o [1]
  .text              ro code   0x800'2c2c       0x4  startup_stm32f4xx.o [1]
  .text              ro code   0x800'2c30       0x4  startup_stm32f4xx.o [1]
  .text              ro code   0x800'2c34       0x4  startup_stm32f4xx.o [1]
  .text              ro code   0x800'2c38       0x4  startup_stm32f4xx.o [1]
  .text              ro code   0x800'2c3c       0x4  startup_stm32f4xx.o [1]
  .text              ro code   0x800'2c40       0x4  startup_stm32f4xx.o [1]
  .text              ro code   0x800'2c44       0x4  startup_stm32f4xx.o [1]
  .text              ro code   0x800'2c48       0x4  startup_stm32f4xx.o [1]
  .text              ro code   0x800'2c4c       0x4  startup_stm32f4xx.o [1]
  .text              ro code   0x800'2c50       0x4  startup_stm32f4xx.o [1]
  .text              ro code   0x800'2c54       0x4  startup_stm32f4xx.o [1]
  .text              ro code   0x800'2c58       0x4  startup_stm32f4xx.o [1]
  .text              ro code   0x800'2c5c       0x4  startup_stm32f4xx.o [1]
  .text              ro code   0x800'2c60       0x4  startup_stm32f4xx.o [1]
  .text              ro code   0x800'2c64       0x4  startup_stm32f4xx.o [1]
  .text              ro code   0x800'2c68       0x4  startup_stm32f4xx.o [1]
  .rodata            const     0x800'2c6c       0x0  zero_init3.o [4]
  .rodata            const     0x800'2c6c       0x0  copy_init3.o [4]
                             - 0x800'2c6c    0x2ae4

"P2", part 1 of 3:                             0x10
  P2-1                        0x2000'0000       0xe  <Init block>
    .data            inited   0x2000'0000       0x4  heap_2.o [1]
    .data            inited   0x2000'0004       0x4  port.o [1]
    .data            inited   0x2000'0008       0x4  system_stm32f4xx.o [1]
    .data            inited   0x2000'000c       0x2  death.o [1]
                            - 0x2000'000e       0xe

"P2", part 2 of 3:                         0x1'2e7c
  .bss               zero     0x2000'0010  0x1'2c00  heap_2.o [1]
  .bss               zero     0x2001'2c10      0x64  tasks.o [1]
  .bss               zero     0x2001'2c74      0x40  queue.o [1]
  .bss               zero     0x2001'2cb4      0x14  tasks.o [1]
  .bss               zero     0x2001'2cc8      0x14  tasks.o [1]
  .bss               zero     0x2001'2cdc      0x14  tasks.o [1]
  .bss               zero     0x2001'2cf0      0x14  tasks.o [1]
  .bss               zero     0x2001'2d04      0x14  tasks.o [1]
  .bss               zero     0x2001'2d18      0x14  timers.o [1]
  .bss               zero     0x2001'2d2c      0x14  timers.o [1]
  .bss               zero     0x2001'2d40      0x10  sp_flop.o [1]
  .bss               zero     0x2001'2d50      0x10  sp_flop.o [1]
  .bss               zero     0x2001'2d60       0x8  BlockQ.o [1]
  .bss               zero     0x2001'2d68       0x8  BlockQ.o [1]
  .bss               zero     0x2001'2d70       0x8  BlockQ.o [1]
  .bss               zero     0x2001'2d78       0x8  BlockQ.o [1]
  .bss               zero     0x2001'2d80       0x8  heap_2.o [1]
  .bss               zero     0x2001'2d88       0x8  heap_2.o [1]
  .bss               zero     0x2001'2d90       0x8  semtest.o [1]
  .bss               zero     0x2001'2d98       0x8  semtest.o [1]
  .bss               zero     0x2001'2da0       0x4  blocktim.o [1]
  .bss               zero     0x2001'2da4       0x4  blocktim.o [1]
  .bss               zero     0x2001'2da8       0x4  blocktim.o [1]
  .bss               zero     0x2001'2dac       0x4  blocktim.o [1]
  .bss               zero     0x2001'2db0       0x4  blocktim.o [1]
  .bss               zero     0x2001'2db4       0x4  death.o [1]
  .bss               zero     0x2001'2db8       0x4  death.o [1]
  .bss               zero     0x2001'2dbc       0x4  dynamic.o [1]
  .bss               zero     0x2001'2dc0       0x4  dynamic.o [1]
  .bss               zero     0x2001'2dc4       0x4  dynamic.o [1]
  .bss               zero     0x2001'2dc8       0x4  dynamic.o [1]
  .bss               zero     0x2001'2dcc       0x4  flash.o [1]
  .bss               zero     0x2001'2dd0       0x4  GenQTest.o [1]
  .bss               zero     0x2001'2dd4       0x4  GenQTest.o [1]
  .bss               zero     0x2001'2dd8       0x4  GenQTest.o [1]
  .bss               zero     0x2001'2ddc       0x4  GenQTest.o [1]
  .bss               zero     0x2001'2de0       0x4  GenQTest.o [1]
  .bss               zero     0x2001'2de4       0x4  heap_2.o [1]
  .bss               zero     0x2001'2de8       0x4  integer.o [1]
  .bss               zero     0x2001'2dec       0x4  main.o [1]
  .bss               zero     0x2001'2df0       0x4  main.o [1]
  .bss               zero     0x2001'2df4       0x4  main.o [1]
  .bss               zero     0x2001'2df8       0x4  main.o [1]
  .bss               zero     0x2001'2dfc       0x4  main.o [1]
  .bss               zero     0x2001'2e00       0x4  main.o [1]
  .bss               zero     0x2001'2e04       0x4  main.o [1]
  .bss               zero     0x2001'2e08       0x4  main.o [1]
  .bss               zero     0x2001'2e0c       0x4  PollQ.o [1]
  .bss               zero     0x2001'2e10       0x4  PollQ.o [1]
  .bss               zero     0x2001'2e14       0x4  port.o [1]
  .bss               zero     0x2001'2e18       0x4  recmutex.o [1]
  .bss               zero     0x2001'2e1c       0x4  recmutex.o [1]
  .bss               zero     0x2001'2e20       0x4  recmutex.o [1]
  .bss               zero     0x2001'2e24       0x4  recmutex.o [1]
  .bss               zero     0x2001'2e28       0x4  recmutex.o [1]
  .bss               zero     0x2001'2e2c       0x4  recmutex.o [1]
  .bss               zero     0x2001'2e30       0x4  recmutex.o [1]
  .bss               zero     0x2001'2e34       0x4  tasks.o [1]
  .bss               zero     0x2001'2e38       0x4  tasks.o [1]
  .bss               zero     0x2001'2e3c       0x4  tasks.o [1]
  .bss               zero     0x2001'2e40       0x4  tasks.o [1]
  .bss               zero     0x2001'2e44       0x4  tasks.o [1]
  .bss               zero     0x2001'2e48       0x4  tasks.o [1]
  .bss               zero     0x2001'2e4c       0x4  tasks.o [1]
  .bss               zero     0x2001'2e50       0x4  tasks.o [1]
  .bss               zero     0x2001'2e54       0x4  tasks.o [1]
  .bss               zero     0x2001'2e58       0x4  tasks.o [1]
  .bss               zero     0x2001'2e5c       0x4  tasks.o [1]
  .bss               zero     0x2001'2e60       0x4  tasks.o [1]
  .bss               zero     0x2001'2e64       0x4  tasks.o [1]
  .bss               zero     0x2001'2e68       0x4  tasks.o [1]
  .bss               zero     0x2001'2e6c       0x4  tasks.o [1]
  .bss               zero     0x2001'2e70       0x4  timers.o [1]
  .bss               zero     0x2001'2e74       0x4  timers.o [1]
  .bss               zero     0x2001'2e78       0x4  timers.o [1]
  .bss               zero     0x2001'2e7c       0x4  timers.o [1]
  .bss               zero     0x2001'2e80       0x4  timers.o [1]
  .bss               zero     0x2001'2e84       0x2  death.o [1]
  .bss               zero     0x2001'2e86       0x2  dynamic.o [1]
  .bss               zero     0x2001'2e88       0x2  dynamic.o [1]
  .bss               zero     0x2001'2e8a       0x1  port.o [1]
                            - 0x2001'2e8b  0x1'2e7b

"P2", part 3 of 3:                            0x400
  CSTACK                      0x2001'2e90     0x400  <Block>
    CSTACK           uninit   0x2001'2e90     0x400  <Block tail>
                            - 0x2001'3290     0x400

Unused ranges:

         From           To      Size
         ----           --      ----
   0x800'2c6c   0x80f'ffff  0xf'd394
  0x2001'2e8c  0x2001'2e8f       0x4
  0x2001'3290  0x2001'ffff    0xcd70


*******************************************************************************
*** INIT TABLE
***

          Address      Size
          -------      ----
Zero (__iar_zero_init3)
    1 destination range, total size 0x1'2e7b:
          0x2000'0010  0x1'2e7b

Copy (__iar_copy_init3)
    1 source range, total size 0x10 (114% of destination):
           0x800'2ab0      0x10
    1 destination range, total size 0xe:
          0x2000'0000       0xe



*******************************************************************************
*** MODULE SUMMARY
***

    Module               ro code  ro data  rw data
    ------               -------  -------  -------
command line/config:
    ----------------------------------------------
    Total:

F:\SeggerRTOS\FreeRTOS\FreeRTOSv10.2.1_191129\FreeRTOS\Demo\CORTEX_M4F_STM32F407ZG-SK\Flash Debug\Obj: [1]
    BlockQ.o                  92                32
    GenQTest.o                88                20
    ParTest.o                 18
    PollQ.o                   44                 8
    RegTest.o                980
    blocktim.o                80                20
    death.o                   92        6       12
    dynamic.o                 96                20
    flash.o                  124        8        4
    heap_2.o                 328        6   76'824
    integer.o                 56                 4
    list.o                   154
    main.o                   582                32
    misc.o                   136
    port.o                   604        8        9
    portasm.o                176
    queue.o                1'992                64
    recmutex.o               120                28
    semtest.o                 56                16
    sp_flop.o                 56                32
    startup_stm32f4xx.o      772
    stm32f4xx_exti.o          12
    stm32f4xx_it.o            12
    system_stm32f4xx.o       292        4        4
    tasks.o                2'644        8      260
    timers.o               1'140       16       60
    ----------------------------------------------
    Total:                10'746       56   77'449

dl7M_tlf.a: [2]
    exit.o                     4
    low_level_init.o           4
    ----------------------------------------------
    Total:                     8

m7M_tls.a: [3]
    fpinit_M.o                34
    ----------------------------------------------
    Total:                    34

rt7M_tl.a: [4]
    ABImemcpy.o              166
    ABImemset.o              102
    cexit.o                   10
    cmain.o                   30
    copy_init3.o              46
    cstartup_M.o              12
    data_init.o               40
    zero_init3.o              58
    ----------------------------------------------
    Total:                   464

shb_l.a: [5]
    exit.o                    20
    ----------------------------------------------
    Total:                    20

    Gaps                       4        2
    Linker created                     38    1'024
--------------------------------------------------
    Grand Total:          11'276       96   78'473


*******************************************************************************
*** ENTRY LIST
***

Entry                       Address      Size  Type      Object
-----                       -------      ----  ----      ------
.iar.init_table$$Base    0x800'2a34             --   Gb  - Linker created -
.iar.init_table$$Limit   0x800'2a58             --   Gb  - Linker created -
?main                    0x800'2a59            Code  Gb  cmain.o [4]
BusFault_Handler         0x800'2ac7       0x2  Code  Gb  stm32f4xx_it.o [1]
CSTACK$$Base            0x2001'2e90             --   Gb  - Linker created -
CSTACK$$Limit           0x2001'3290             --   Gb  - Linker created -
DebugMon_Handler         0x800'2acb       0x2  Code  Gb  stm32f4xx_it.o [1]
EXTI9_5_IRQHandler       0x800'16b1      0x2e  Code  Gb  main.o [1]
EXTI_ClearITPendingBit   0x800'2935       0x6  Code  Gb  stm32f4xx_exti.o [1]
HardFault_Handler        0x800'2ac3       0x2  Code  Gb  stm32f4xx_it.o [1]
MemManage_Handler        0x800'2ac5       0x2  Code  Gb  stm32f4xx_it.o [1]
NMI_Handler              0x800'2ac1       0x2  Code  Gb  stm32f4xx_it.o [1]
NVIC_Init                0x800'24e3      0x68  Code  Gb  misc.o [1]
NVIC_PriorityGroupConfig
                         0x800'24d9       0xa  Code  Gb  misc.o [1]
PendSV_Handler           0x800'1775            Code  Gb  portasm.o [1]
Region$$Table$$Base      0x800'2a34             --   Gb  - Linker created -
Region$$Table$$Limit     0x800'2a58             --   Gb  - Linker created -
SVC_Handler              0x800'17cd            Code  Gb  portasm.o [1]
SetSysClock              0x800'23fb      0xaa  Code  Lc  system_stm32f4xx.o [1]
SysTick_Handler          0x800'0fa5      0x28  Code  Gb  port.o [1]
SystemCoreClock         0x2000'0008       0x4  Data  Gb  system_stm32f4xx.o [1]
SystemInit               0x800'23b5      0x46  Code  Gb  system_stm32f4xx.o [1]
TIM2_IRQHandler          0x800'166f      0x38  Code  Gb  main.o [1]
TIM3_IRQHandler          0x800'1649      0x26  Code  Gb  main.o [1]
UsageFault_Handler       0x800'2ac9       0x2  Code  Gb  stm32f4xx_it.o [1]
__NVIC_SetPendingIRQ     0x800'14f5      0x1e  Code  Lc  main.o [1]
__aeabi_memcpy           0x800'2941            Code  Gb  ABImemcpy.o [4]
__aeabi_memcpy4          0x800'2961            Code  Gb  ABImemcpy.o [4]
__aeabi_memcpy8          0x800'2961            Code  Gb  ABImemcpy.o [4]
__aeabi_memset           0x800'0d25            Code  Gb  ABImemset.o [4]
__cmain                  0x800'2a59            Code  Gb  cmain.o [4]
__exit                   0x800'2a8d      0x14  Code  Gb  exit.o [5]
__iar_Memset             0x800'0d25            Code  Gb  ABImemset.o [4]
__iar_Memset_word        0x800'0d2d            Code  Gb  ABImemset.o [4]
__iar_copy_init3         0x800'2387      0x2e  Code  Gb  copy_init3.o [4]
__iar_data_init3         0x800'29e9      0x28  Code  Gb  data_init.o [4]
__iar_init_vfp           0x800'2a11            Code  Gb  fpinit_M.o [3]
__iar_program_start      0x800'2acd            Code  Gb  cstartup_M.o [4]
__iar_zero_init3         0x800'173b      0x3a  Code  Gb  zero_init3.o [4]
__low_level_init         0x800'2a77       0x4  Code  Gb  low_level_init.o [2]
__vector_table           0x800'0000            Data  Gb  startup_stm32f4xx.o [1]
_call_main               0x800'2a65            Code  Gb  cmain.o [4]
_exit                    0x800'2a81            Code  Gb  cexit.o [4]
_main                    0x800'2a73            Code  Gb  cmain.o [4]
exit                     0x800'2a7b       0x4  Code  Gb  exit.o [2]
heapSTRUCT_SIZE          0x800'29e6       0x2  Data  Lc  heap_2.o [1]
main                     0x800'1513      0x16  Code  Gb  main.o [1]
pcInterruptPriorityRegisters
                         0x800'2afc       0x4  Data  Lc  port.o [1]
prvAddCurrentTaskToDelayedList
                         0x800'0b25      0x82  Code  Lc  tasks.o [1]
prvAddNewTaskToReadyList
                         0x800'02db      0x9e  Code  Lc  tasks.o [1]
prvCheckForValidListAndQueue
                         0x800'1485      0x46  Code  Lc  timers.o [1]
prvCheckTasksWaitingTermination
                         0x800'09a7      0x3e  Code  Lc  tasks.o [1]
prvCheckTimerCallback    0x800'1529      0xce  Code  Lc  main.o [1]
prvCheckTimerCallback::lChangedTimerPeriodAlready
                        0x2001'2e00       0x4  Data  Lc  main.o [1]
prvCheckTimerCallback::ulLastRegTest1Value
                        0x2001'2e04       0x4  Data  Lc  main.o [1]
prvCheckTimerCallback::ulLastRegTest2Value
                        0x2001'2e08       0x4  Data  Lc  main.o [1]
prvCopyDataFromQueue     0x800'1e99      0x36  Code  Lc  queue.o [1]
prvCopyDataToQueue       0x800'1dfd      0x9c  Code  Lc  queue.o [1]
prvDeleteTCB             0x800'09e5      0x12  Code  Lc  tasks.o [1]
prvGetNextExpireTime     0x800'1241      0x26  Code  Lc  timers.o [1]
prvHeapInit              0x800'0ce9      0x20  Code  Lc  heap_2.o [1]
prvIdleTask              0x800'0929      0x28  Code  Lc  tasks.o [1]
prvInitialiseNewQueue    0x800'190f      0x36  Code  Lc  queue.o [1]
prvInitialiseNewTask     0x800'01f5      0xe6  Code  Lc  tasks.o [1]
prvInitialiseTaskLists   0x800'0951      0x56  Code  Lc  tasks.o [1]
prvInsertTimerInActiveList
                         0x800'128d      0x50  Code  Lc  timers.o [1]
prvIsQueueEmpty          0x800'1f3d      0x1c  Code  Lc  queue.o [1]
prvIsQueueFull           0x800'1f59      0x1e  Code  Lc  queue.o [1]
prvOptionallyCreateComprehensveTestApplication
                         0x800'16a7       0xa  Code  Lc  main.o [1]
prvProcessExpiredTimer   0x800'114b      0x6c  Code  Lc  timers.o [1]
prvProcessReceivedCommands
                         0x800'12dd     0x11a  Code  Lc  timers.o [1]
prvProcessTimerOrBlockTask
                         0x800'11d3      0x6e  Code  Lc  timers.o [1]
prvResetNextTaskUnblockTime
                         0x800'09f7      0x26  Code  Lc  tasks.o [1]
prvSampleTimeNow         0x800'1267      0x26  Code  Lc  timers.o [1]
prvSampleTimeNow::xLastTime
                        0x2001'2e80       0x4  Data  Lc  timers.o [1]
prvSetupHardware         0x800'15f7      0x10  Code  Lc  main.o [1]
prvSetupNestedFPUInterruptsTest
                         0x800'1609      0x40  Code  Lc  main.o [1]
prvSwitchTimerLists      0x800'13f7      0x8e  Code  Lc  timers.o [1]
prvTaskExitError         0x800'0e4d      0x2a  Code  Lc  port.o [1]
prvTimerTask             0x800'11b9      0x1a  Code  Lc  timers.o [1]
prvUnlockQueue           0x800'1ecf      0x6e  Code  Lc  queue.o [1]
pvPortMalloc             0x800'0bdd      0xce  Code  Gb  heap_2.o [1]
pvPortMalloc::xHeapHasBeenInitialised
                        0x2001'2de4       0x4  Data  Lc  heap_2.o [1]
pxCurrentTCB            0x2001'2e34       0x4  Data  Gb  tasks.o [1]
pxCurrentTimerList      0x2001'2e70       0x4  Data  Lc  timers.o [1]
pxDelayedTaskList       0x2001'2e38       0x4  Data  Lc  tasks.o [1]
pxOverflowDelayedTaskList
                        0x2001'2e3c       0x4  Data  Lc  tasks.o [1]
pxOverflowTimerList     0x2001'2e74       0x4  Data  Lc  timers.o [1]
pxPortInitialiseStack    0x800'0e25      0x28  Code  Gb  port.o [1]
pxReadyTasksLists       0x2001'2c10      0x64  Data  Lc  tasks.o [1]
sBlockingConsumerCount  0x2001'2d60       0x8  Data  Lc  BlockQ.o [1]
sBlockingProducerCount  0x2001'2d68       0x8  Data  Lc  BlockQ.o [1]
sCheckVariables         0x2001'2d90       0x8  Data  Lc  semtest.o [1]
ucHeap                  0x2000'0010  0x1'2c00  Data  Lc  heap_2.o [1]
ucMaxSysCallPriority    0x2001'2e8a       0x1  Data  Lc  port.o [1]
ulExpectedValue         0x2001'2dc4       0x4  Data  Lc  dynamic.o [1]
ulFPUInterruptNesting   0x2001'2df4       0x4  Data  Gb  main.o [1]
ulLoopCounter           0x2001'2dd4       0x4  Data  Lc  GenQTest.o [1]
ulLoopCounter2          0x2001'2dd8       0x4  Data  Lc  GenQTest.o [1]
ulMaxFPUInterruptNesting
                        0x2001'2df8       0x4  Data  Gb  main.o [1]
ulMaxPRIGROUPValue      0x2001'2e14       0x4  Data  Lc  port.o [1]
ulRegTest1LoopCounter   0x2001'2dec       0x4  Data  Gb  main.o [1]
ulRegTest2LoopCounter   0x2001'2df0       0x4  Data  Gb  main.o [1]
ulRegTestCheckFlopRegistersContainParameterValue
                         0x800'289f            Code  Gb  RegTest.o [1]
usCheckVariable         0x2001'2e86       0x2  Data  Lc  dynamic.o [1]
usCreationCount         0x2001'2e84       0x2  Data  Lc  death.o [1]
usTaskCheck             0x2001'2d40      0x10  Data  Lc  sp_flop.o [1]
uxBlockingCycles        0x2001'2e20       0x4  Data  Lc  recmutex.o [1]
uxControllingCycles     0x2001'2e1c       0x4  Data  Lc  recmutex.o [1]
uxCriticalNesting       0x2000'0004       0x4  Data  Lc  port.o [1]
uxCurrentNumberOfTasks  0x2001'2e44       0x4  Data  Lc  tasks.o [1]
uxDeletedTasksWaitingCleanUp
                        0x2001'2e40       0x4  Data  Lc  tasks.o [1]
uxFlashTaskNumber       0x2001'2dcc       0x4  Data  Lc  flash.o [1]
uxListRemove             0x800'0dfd      0x28  Code  Gb  list.o [1]
uxMaxNumberOfExtraTasksRunning
                         0x800'2af8       0x4  Data  Lc  death.o [1]
uxPendedTicks           0x2001'2e54       0x4  Data  Lc  tasks.o [1]
uxPollingCycles         0x2001'2e24       0x4  Data  Lc  recmutex.o [1]
uxSchedulerSuspended    0x2001'2e6c       0x4  Data  Lc  tasks.o [1]
uxTaskGetNumberOfTasks   0x800'0593       0x6  Code  Gb  tasks.o [1]
uxTaskNumber            0x2001'2e60       0x4  Data  Lc  tasks.o [1]
uxTasksRunningAtStart   0x2001'2db4       0x4  Data  Lc  death.o [1]
uxTopReadyPriority      0x2001'2e4c       0x4  Data  Lc  tasks.o [1]
vApplicationIdleHook     0x800'1729       0x2  Code  Gb  main.o [1]
vApplicationMallocFailedHook
                         0x800'1719      0x10  Code  Gb  main.o [1]
vApplicationStackOverflowHook
                         0x800'172b      0x10  Code  Gb  main.o [1]
vApplicationTickHook     0x800'1607       0x2  Code  Gb  main.o [1]
vLEDFlashTask            0x800'2011      0x4e  Code  Lc  flash.o [1]
vListInitialise          0x800'0d8b      0x1e  Code  Gb  list.o [1]
vListInitialiseItem      0x800'0da9       0x6  Code  Gb  list.o [1]
vListInsert              0x800'0dc7      0x36  Code  Gb  list.o [1]
vListInsertEnd           0x800'0daf      0x18  Code  Gb  list.o [1]
vParTestToggleLED        0x800'2375      0x12  Code  Gb  ParTest.o [1]
vPortEnableVFP           0x800'1809            Code  Gb  portasm.o [1]
vPortEnterCritical       0x800'0f45      0x34  Code  Gb  port.o [1]
vPortExitCritical        0x800'0f79      0x2c  Code  Gb  port.o [1]
vPortFree                0x800'0cab      0x3e  Code  Gb  heap_2.o [1]
vPortStartFirstTask      0x800'17e9            Code  Gb  portasm.o [1]
vPortValidateInterruptPriority
                         0x800'0fcd      0x4e  Code  Gb  port.o [1]
vQueueAddToRegistry      0x800'1f77      0x26  Code  Gb  queue.o [1]
vQueueWaitForMessageRestricted
                         0x800'1fa1      0x4c  Code  Gb  queue.o [1]
vRegTest1Task            0x800'2561            Code  Gb  RegTest.o [1]
vRegTest2Task            0x800'26eb            Code  Gb  RegTest.o [1]
vRegTestClearFlopRegistersToParameterValue
                         0x800'287d            Code  Gb  RegTest.o [1]
vStartLEDFlashTasks      0x800'1fed      0x24  Code  Gb  flash.o [1]
vTaskDelayUntil          0x800'0379      0xae  Code  Gb  tasks.o [1]
vTaskInternalSetTimeOutState
                         0x800'0871      0x12  Code  Gb  tasks.o [1]
vTaskMissedYield         0x800'091d       0xa  Code  Gb  tasks.o [1]
vTaskPlaceOnEventList    0x800'0759      0x34  Code  Gb  tasks.o [1]
vTaskPlaceOnEventListRestricted
                         0x800'079d      0x40  Code  Gb  tasks.o [1]
vTaskStartScheduler      0x800'0427      0x72  Code  Gb  tasks.o [1]
vTaskSuspendAll          0x800'0499       0xc  Code  Gb  tasks.o [1]
vTaskSwitchContext       0x800'06b3      0x9a  Code  Gb  tasks.o [1]
xActiveTimerList1       0x2001'2d18      0x14  Data  Lc  timers.o [1]
xActiveTimerList2       0x2001'2d2c      0x14  Data  Lc  timers.o [1]
xAreBlockTimeTestTasksStillRunning
                         0x800'2195      0x3c  Code  Gb  blocktim.o [1]
xAreBlockTimeTestTasksStillRunning::xLastPrimaryCycleCount
                        0x2001'2dac       0x4  Data  Lc  blocktim.o [1]
xAreBlockTimeTestTasksStillRunning::xLastSecondaryCycleCount
                        0x2001'2db0       0x4  Data  Lc  blocktim.o [1]
xAreBlockingQueuesStillRunning
                         0x800'2139      0x4a  Code  Gb  BlockQ.o [1]
xAreBlockingQueuesStillRunning::sLastBlockingConsumerCount
                        0x2001'2d70       0x8  Data  Lc  BlockQ.o [1]
xAreBlockingQueuesStillRunning::sLastBlockingProducerCount
                        0x2001'2d78       0x8  Data  Lc  BlockQ.o [1]
xAreDynamicPriorityTasksStillRunning
                         0x800'20d9      0x48  Code  Gb  dynamic.o [1]
xAreDynamicPriorityTasksStillRunning::ulLastExpectedValue
                        0x2001'2dc8       0x4  Data  Lc  dynamic.o [1]
xAreDynamicPriorityTasksStillRunning::usLastTaskCheck
                        0x2001'2e88       0x2  Data  Lc  dynamic.o [1]
xAreGenericQueueTasksStillRunning
                         0x800'21e5      0x42  Code  Gb  GenQTest.o [1]
xAreGenericQueueTasksStillRunning::ulLastLoopCounter
                        0x2001'2ddc       0x4  Data  Lc  GenQTest.o [1]
xAreGenericQueueTasksStillRunning::ulLastLoopCounter2
                        0x2001'2de0       0x4  Data  Lc  GenQTest.o [1]
xAreIntegerMathsTaskStillRunning
                         0x800'20a1      0x32  Code  Gb  integer.o [1]
xAreMathsTaskStillRunning
                         0x800'2069      0x2e  Code  Gb  sp_flop.o [1]
xAreMathsTaskStillRunning::usLastTaskCheck
                        0x2001'2d50      0x10  Data  Lc  sp_flop.o [1]
xArePollingQueuesStillRunning
                         0x800'2311      0x22  Code  Gb  PollQ.o [1]
xAreRecursiveMutexTasksStillRunning
                         0x800'223d      0x58  Code  Gb  recmutex.o [1]
xAreRecursiveMutexTasksStillRunning::uxLastBlockingCycles
                        0x2001'2e2c       0x4  Data  Lc  recmutex.o [1]
xAreRecursiveMutexTasksStillRunning::uxLastControllingCycles
                        0x2001'2e28       0x4  Data  Lc  recmutex.o [1]
xAreRecursiveMutexTasksStillRunning::uxLastPollingCycles
                        0x2001'2e30       0x4  Data  Lc  recmutex.o [1]
xAreSemaphoreTasksStillRunning
                         0x800'233d      0x2e  Code  Gb  semtest.o [1]
xAreSemaphoreTasksStillRunning::sLastCheckVariables
                        0x2001'2d98       0x8  Data  Lc  semtest.o [1]
xDelayedTaskList1       0x2001'2cb4      0x14  Data  Lc  tasks.o [1]
xDelayedTaskList2       0x2001'2cc8      0x14  Data  Lc  tasks.o [1]
xEnd                    0x2001'2d88       0x8  Data  Lc  heap_2.o [1]
xErrorDetected          0x2001'2dd0       0x4  Data  Lc  GenQTest.o [1]
xErrorOccurred          0x2001'2da8       0x4  Data  Lc  blocktim.o [1]
xErrorOccurred          0x2001'2e18       0x4  Data  Lc  recmutex.o [1]
xFreeBytesRemaining     0x2000'0000       0x4  Data  Lc  heap_2.o [1]
xIdleTaskHandle         0x2001'2e68       0x4  Data  Lc  tasks.o [1]
xIsCreateTaskStillRunning
                         0x800'22b5      0x48  Code  Gb  death.o [1]
xIsCreateTaskStillRunning::usLastCreationCount
                        0x2000'000c       0x2  Data  Lc  death.o [1]
xIsCreateTaskStillRunning::uxTasksRunningNow
                        0x2001'2db8       0x4  Data  Lc  death.o [1]
xNextTaskUnblockTime    0x2001'2e64       0x4  Data  Lc  tasks.o [1]
xNumOfOverflows         0x2001'2e5c       0x4  Data  Lc  tasks.o [1]
xPendingReadyList       0x2001'2cdc      0x14  Data  Lc  tasks.o [1]
xPollingConsumerCount   0x2001'2e0c       0x4  Data  Lc  PollQ.o [1]
xPollingProducerCount   0x2001'2e10       0x4  Data  Lc  PollQ.o [1]
xPortStartScheduler      0x800'0e77      0xce  Code  Gb  port.o [1]
xPrimaryCycles          0x2001'2da0       0x4  Data  Lc  blocktim.o [1]
xQueueGenericCreate      0x800'18b9      0x56  Code  Gb  queue.o [1]
xQueueGenericReset       0x800'1825      0x94  Code  Gb  queue.o [1]
xQueueGenericSend        0x800'1945     0x1a6  Code  Gb  queue.o [1]
xQueueGenericSendFromISR
                         0x800'1aeb      0xe0  Code  Gb  queue.o [1]
xQueueGiveFromISR        0x800'1bcb      0xc4  Code  Gb  queue.o [1]
xQueueReceive            0x800'1c8f     0x16a  Code  Gb  queue.o [1]
xQueueRegistry          0x2001'2c74      0x40  Data  Gb  queue.o [1]
xSchedulerRunning       0x2001'2e50       0x4  Data  Lc  tasks.o [1]
xSecondaryCycles        0x2001'2da4       0x4  Data  Lc  blocktim.o [1]
xStart                  0x2001'2d80       0x8  Data  Lc  heap_2.o [1]
xSuspendedQueueReceiveError
                        0x2001'2dc0       0x4  Data  Lc  dynamic.o [1]
xSuspendedQueueSendError
                        0x2001'2dbc       0x4  Data  Lc  dynamic.o [1]
xSuspendedTaskList      0x2001'2d04      0x14  Data  Lc  tasks.o [1]
xTaskCheck              0x2001'2de8       0x4  Data  Lc  integer.o [1]
xTaskCheckForTimeOut     0x800'0889      0x8e  Code  Gb  tasks.o [1]
xTaskCreate              0x800'0189      0x6c  Code  Gb  tasks.o [1]
xTaskGetSchedulerState   0x800'0a21      0x20  Code  Gb  tasks.o [1]
xTaskGetTickCount        0x800'058b       0x8  Code  Gb  tasks.o [1]
xTaskIncrementTick       0x800'0599     0x11a  Code  Gb  tasks.o [1]
xTaskPriorityDisinherit
                         0x800'0a41      0xb2  Code  Gb  tasks.o [1]
xTaskRemoveFromEventList
                         0x800'07df      0x82  Code  Gb  tasks.o [1]
xTaskResumeAll           0x800'04a5      0xe6  Code  Gb  tasks.o [1]
xTasksWaitingTermination
                        0x2001'2cf0      0x14  Data  Lc  tasks.o [1]
xTestSemaphore          0x2001'2dfc       0x4  Data  Lc  main.o [1]
xTickCount              0x2001'2e48       0x4  Data  Lc  tasks.o [1]
xTimerCreateTimerTask    0x800'1081      0x48  Code  Gb  timers.o [1]
xTimerGenericCommand     0x800'10c9      0x82  Code  Gb  timers.o [1]
xTimerQueue             0x2001'2e78       0x4  Data  Lc  timers.o [1]
xTimerTaskHandle        0x2001'2e7c       0x4  Data  Lc  timers.o [1]
xYieldPending           0x2001'2e58       0x4  Data  Lc  tasks.o [1]


[1] = F:\SeggerRTOS\FreeRTOS\FreeRTOSv10.2.1_191129\FreeRTOS\Demo\CORTEX_M4F_STM32F407ZG-SK\Flash Debug\Obj
[2] = dl7M_tlf.a
[3] = m7M_tls.a
[4] = rt7M_tl.a
[5] = shb_l.a

  11'276 bytes of readonly  code memory
      96 bytes of readonly  data memory
  78'473 bytes of readwrite data memory

Errors: none
Warnings: none
