Archive member included to satisfy reference by file (symbol)

c:/program files (x86)/gnu tools arm embedded/9 2019-q4-major/bin/../lib/gcc/arm-none-eabi/9.2.1/../../../../arm-none-eabi/lib/thumb/v7e-m+fp/hard\libg_nano.a(lib_a-exit.o)
                              c:/program files (x86)/gnu tools arm embedded/9 2019-q4-major/bin/../lib/gcc/arm-none-eabi/9.2.1/../../../../arm-none-eabi/lib/thumb/v7e-m+fp/hard/crt0.o (exit)
c:/program files (x86)/gnu tools arm embedded/9 2019-q4-major/bin/../lib/gcc/arm-none-eabi/9.2.1/../../../../arm-none-eabi/lib/thumb/v7e-m+fp/hard\libg_nano.a(lib_a-impure.o)
                              c:/program files (x86)/gnu tools arm embedded/9 2019-q4-major/bin/../lib/gcc/arm-none-eabi/9.2.1/../../../../arm-none-eabi/lib/thumb/v7e-m+fp/hard\libg_nano.a(lib_a-exit.o) (_global_impure_ptr)
c:/program files (x86)/gnu tools arm embedded/9 2019-q4-major/bin/../lib/gcc/arm-none-eabi/9.2.1/../../../../arm-none-eabi/lib/thumb/v7e-m+fp/hard\libg_nano.a(lib_a-init.o)
                              c:/program files (x86)/gnu tools arm embedded/9 2019-q4-major/bin/../lib/gcc/arm-none-eabi/9.2.1/../../../../arm-none-eabi/lib/thumb/v7e-m+fp/hard/crt0.o (__libc_init_array)
c:/program files (x86)/gnu tools arm embedded/9 2019-q4-major/bin/../lib/gcc/arm-none-eabi/9.2.1/../../../../arm-none-eabi/lib/thumb/v7e-m+fp/hard\libg_nano.a(lib_a-memcpy-stub.o)
                              ./Source/queue.o (memcpy)
c:/program files (x86)/gnu tools arm embedded/9 2019-q4-major/bin/../lib/gcc/arm-none-eabi/9.2.1/../../../../arm-none-eabi/lib/thumb/v7e-m+fp/hard\libg_nano.a(lib_a-memset.o)
                              c:/program files (x86)/gnu tools arm embedded/9 2019-q4-major/bin/../lib/gcc/arm-none-eabi/9.2.1/../../../../arm-none-eabi/lib/thumb/v7e-m+fp/hard/crt0.o (memset)
c:/program files (x86)/gnu tools arm embedded/9 2019-q4-major/bin/../lib/gcc/arm-none-eabi/9.2.1/../../../../arm-none-eabi/lib/thumb/v7e-m+fp/hard\libnosys.a(_exit.o)
                              c:/program files (x86)/gnu tools arm embedded/9 2019-q4-major/bin/../lib/gcc/arm-none-eabi/9.2.1/../../../../arm-none-eabi/lib/thumb/v7e-m+fp/hard\libg_nano.a(lib_a-exit.o) (_exit)

Allocating common symbols
Common symbol       size              file

xQueueRegistry      0x40              ./Source/queue.o
xCreatedTask        0x4               ./Common/Minimal/death.o
NVIC_InitStructure  0x4               ./board/iar_stm32f407zg_sk.o
xSuspendedTestQueue
                    0x4               ./Common/Minimal/dynamic.o

Discarded input sections

 .text          0x00000000        0x0 c:/program files (x86)/gnu tools arm embedded/9 2019-q4-major/bin/../lib/gcc/arm-none-eabi/9.2.1/thumb/v7e-m+fp/hard/crti.o
 .data          0x00000000        0x0 c:/program files (x86)/gnu tools arm embedded/9 2019-q4-major/bin/../lib/gcc/arm-none-eabi/9.2.1/thumb/v7e-m+fp/hard/crti.o
 .bss           0x00000000        0x0 c:/program files (x86)/gnu tools arm embedded/9 2019-q4-major/bin/../lib/gcc/arm-none-eabi/9.2.1/thumb/v7e-m+fp/hard/crti.o
 .data          0x00000000        0x4 c:/program files (x86)/gnu tools arm embedded/9 2019-q4-major/bin/../lib/gcc/arm-none-eabi/9.2.1/thumb/v7e-m+fp/hard/crtbegin.o
 .text          0x00000000       0x74 c:/program files (x86)/gnu tools arm embedded/9 2019-q4-major/bin/../lib/gcc/arm-none-eabi/9.2.1/../../../../arm-none-eabi/lib/thumb/v7e-m+fp/hard/crt0.o
 .data          0x00000000        0x0 c:/program files (x86)/gnu tools arm embedded/9 2019-q4-major/bin/../lib/gcc/arm-none-eabi/9.2.1/../../../../arm-none-eabi/lib/thumb/v7e-m+fp/hard/crt0.o
 .bss           0x00000000        0x0 c:/program files (x86)/gnu tools arm embedded/9 2019-q4-major/bin/../lib/gcc/arm-none-eabi/9.2.1/../../../../arm-none-eabi/lib/thumb/v7e-m+fp/hard/crt0.o
 .ARM.extab     0x00000000        0x0 c:/program files (x86)/gnu tools arm embedded/9 2019-q4-major/bin/../lib/gcc/arm-none-eabi/9.2.1/../../../../arm-none-eabi/lib/thumb/v7e-m+fp/hard/crt0.o
 .ARM.exidx     0x00000000        0x8 c:/program files (x86)/gnu tools arm embedded/9 2019-q4-major/bin/../lib/gcc/arm-none-eabi/9.2.1/../../../../arm-none-eabi/lib/thumb/v7e-m+fp/hard/crt0.o
 .ARM.attributes
                0x00000000       0x1c c:/program files (x86)/gnu tools arm embedded/9 2019-q4-major/bin/../lib/gcc/arm-none-eabi/9.2.1/../../../../arm-none-eabi/lib/thumb/v7e-m+fp/hard/crt0.o
 .text          0x00000000       0x14 ./startup/startup_stm32f401xe-gcc.o
 .data          0x00000000        0x0 ./startup/startup_stm32f401xe-gcc.o
 .bss           0x00000000        0x0 ./startup/startup_stm32f401xe-gcc.o
 .group         0x00000000        0xc ./startup/system_stm32f4xx.o
 .group         0x00000000        0xc ./startup/system_stm32f4xx.o
 .group         0x00000000        0xc ./startup/system_stm32f4xx.o
 .group         0x00000000        0xc ./startup/system_stm32f4xx.o
 .group         0x00000000        0xc ./startup/system_stm32f4xx.o
 .group         0x00000000        0xc ./startup/system_stm32f4xx.o
[...]
Memory Configuration

Name             Origin             Length             Attributes
RAM              0x20000000         0x00010000         xrw
FLASH            0x08000000         0x00018000         xr
*default*        0x00000000         0xffffffff

Linker script and memory map

LOAD c:/program files (x86)/gnu tools arm embedded/9 2019-q4-major/bin/../lib/gcc/arm-none-eabi/9.2.1/thumb/v7e-m+fp/hard/crti.o
LOAD c:/program files (x86)/gnu tools arm embedded/9 2019-q4-major/bin/../lib/gcc/arm-none-eabi/9.2.1/thumb/v7e-m+fp/hard/crtbegin.o
LOAD c:/program files (x86)/gnu tools arm embedded/9 2019-q4-major/bin/../lib/gcc/arm-none-eabi/9.2.1/../../../../arm-none-eabi/lib/thumb/v7e-m+fp/hard/crt0.o
LOAD ./startup/startup_stm32f401xe-gcc.o
LOAD ./startup/system_stm32f4xx.o
LOAD ./board/iar_stm32f407zg_sk.o
LOAD ./Source/portable/MemMang/heap_2.o
LOAD ./Source/portable/GCC/ARM_CM4F/port.o
LOAD ./Source/croutine.o
LOAD ./Source/event_groups.o
LOAD ./Source/list.o
LOAD ./Source/queue.o
LOAD ./Source/stream_buffer.o
LOAD ./Source/tasks.o
LOAD ./Source/timers.o
LOAD ./Libraries/STM32F4xx_StdPeriph_Driver/src/misc.o
LOAD ./Libraries/STM32F4xx_StdPeriph_Driver/src/stm32f4xx_exti.o
LOAD ./Libraries/STM32F4xx_StdPeriph_Driver/src/stm32f4xx_gpio.o
LOAD ./Libraries/STM32F4xx_StdPeriph_Driver/src/stm32f4xx_rcc.o
LOAD ./Libraries/STM32F4xx_StdPeriph_Driver/src/stm32f4xx_syscfg.o
LOAD ./Common/Minimal/BlockQ.o
LOAD ./Common/Minimal/GenQTest.o
LOAD ./Common/Minimal/PollQ.o
LOAD ./Common/Minimal/blocktim.o
LOAD ./Common/Minimal/countsem.o
LOAD ./Common/Minimal/death.o
LOAD ./Common/Minimal/dynamic.o
LOAD ./Common/Minimal/flash.o
LOAD ./Common/Minimal/integer.o
LOAD ./Common/Minimal/recmutex.o
LOAD ./Common/Minimal/semtest.o
LOAD ./Common/Minimal/sp_flop.o
LOAD ./ParTest.o
LOAD ./main.o
LOAD ./stm32f4xx_it.o
LOAD ./testF.o
LOAD c:/program files (x86)/gnu tools arm embedded/9 2019-q4-major/bin/../lib/gcc/arm-none-eabi/9.2.1/../../../../arm-none-eabi/lib/thumb/v7e-m+fp/hard\libstdc++_nano.a
LOAD c:/program files (x86)/gnu tools arm embedded/9 2019-q4-major/bin/../lib/gcc/arm-none-eabi/9.2.1/../../../../arm-none-eabi/lib/thumb/v7e-m+fp/hard\libm.a
START GROUP
LOAD c:/program files (x86)/gnu tools arm embedded/9 2019-q4-major/bin/../lib/gcc/arm-none-eabi/9.2.1/thumb/v7e-m+fp/hard\libgcc.a
LOAD c:/program files (x86)/gnu tools arm embedded/9 2019-q4-major/bin/../lib/gcc/arm-none-eabi/9.2.1/../../../../arm-none-eabi/lib/thumb/v7e-m+fp/hard\libg_nano.a
LOAD c:/program files (x86)/gnu tools arm embedded/9 2019-q4-major/bin/../lib/gcc/arm-none-eabi/9.2.1/../../../../arm-none-eabi/lib/thumb/v7e-m+fp/hard\libc_nano.a
END GROUP
START GROUP
LOAD c:/program files (x86)/gnu tools arm embedded/9 2019-q4-major/bin/../lib/gcc/arm-none-eabi/9.2.1/thumb/v7e-m+fp/hard\libgcc.a
LOAD c:/program files (x86)/gnu tools arm embedded/9 2019-q4-major/bin/../lib/gcc/arm-none-eabi/9.2.1/../../../../arm-none-eabi/lib/thumb/v7e-m+fp/hard\libc_nano.a
LOAD c:/program files (x86)/gnu tools arm embedded/9 2019-q4-major/bin/../lib/gcc/arm-none-eabi/9.2.1/../../../../arm-none-eabi/lib/thumb/v7e-m+fp/hard\libnosys.a
END GROUP
START GROUP
LOAD c:/program files (x86)/gnu tools arm embedded/9 2019-q4-major/bin/../lib/gcc/arm-none-eabi/9.2.1/thumb/v7e-m+fp/hard\libgcc.a
LOAD c:/program files (x86)/gnu tools arm embedded/9 2019-q4-major/bin/../lib/gcc/arm-none-eabi/9.2.1/../../../../arm-none-eabi/lib/thumb/v7e-m+fp/hard\libc_nano.a
LOAD c:/program files (x86)/gnu tools arm embedded/9 2019-q4-major/bin/../lib/gcc/arm-none-eabi/9.2.1/../../../../arm-none-eabi/lib/thumb/v7e-m+fp/hard\libnosys.a
END GROUP
LOAD c:/program files (x86)/gnu tools arm embedded/9 2019-q4-major/bin/../lib/gcc/arm-none-eabi/9.2.1/thumb/v7e-m+fp/hard/crtend.o
LOAD c:/program files (x86)/gnu tools arm embedded/9 2019-q4-major/bin/../lib/gcc/arm-none-eabi/9.2.1/thumb/v7e-m+fp/hard/crtn.o
                0x20010000                _estack = 0x20010000
                0x00008000                _Min_Heap_Size = 0x8000
                0x00000400                _Min_Stack_Size = 0x400

.isr_vector     0x08000000      0x194
                0x08000000                . = ALIGN (0x4)
 *(.isr_vector)
 .isr_vector    0x08000000      0x194 ./startup/startup_stm32f401xe-gcc.o
                0x08000000                g_pfnVectors
                0x08000194                . = ALIGN (0x4)

.versioninfo    0x08000194        0x0
                0x08000194                . = ALIGN (0x4)
 *(.versioninfo)
                0x08000194                . = ALIGN (0x4)

.text           0x080001a0     0x2bcc
                0x080001a0                . = ALIGN (0x4)
 *(.text)
 .text          0x080001a0       0x40 c:/program files (x86)/gnu tools arm embedded/9 2019-q4-major/bin/../lib/gcc/arm-none-eabi/9.2.1/thumb/v7e-m+fp/hard/crtbegin.o
 *(.text*)
 .text.Reset_Handler
                0x080001e0       0x50 ./startup/startup_stm32f401xe-gcc.o
                0x080001e0                Reset_Handler
 .text.Default_Handler
                0x08000230        0x2 ./startup/startup_stm32f401xe-gcc.o
                0x08000230                RTC_Alarm_IRQHandler
                0x08000230                EXTI2_IRQHandler
                0x08000230                SPI4_IRQHandler
                0x08000230                TIM1_CC_IRQHandler
                0x08000230                DMA2_Stream5_IRQHandler
                0x08000230                DMA1_Stream5_IRQHandler
                0x08000230                PVD_IRQHandler
                0x08000230                SDIO_IRQHandler
                0x08000230                TAMP_STAMP_IRQHandler
                0x08000230                EXTI3_IRQHandler
                0x08000230                TIM1_UP_TIM10_IRQHandler
                0x08000230                I2C3_ER_IRQHandler
                0x08000230                EXTI0_IRQHandler
                0x08000230                I2C2_EV_IRQHandler
                0x08000230                DMA1_Stream2_IRQHandler
                0x08000230                FPU_IRQHandler
                0x08000230                DMA2_Stream2_IRQHandler
                0x08000230                SPI1_IRQHandler
                0x08000230                TIM1_BRK_TIM9_IRQHandler
                0x08000230                DMA2_Stream3_IRQHandler
                0x08000230                USART6_IRQHandler
                0x08000230                DMA2_Stream0_IRQHandler
                0x08000230                TIM4_IRQHandler
                0x08000230                I2C1_EV_IRQHandler
                0x08000230                DMA1_Stream6_IRQHandler
                0x08000230                DMA1_Stream1_IRQHandler
                0x08000230                RCC_IRQHandler
                0x08000230                Default_Handler
                0x08000230                EXTI15_10_IRQHandler
                0x08000230                ADC_IRQHandler
                0x08000230                DMA1_Stream7_IRQHandler
                0x08000230                TIM5_IRQHandler
                0x08000230                DMA2_Stream7_IRQHandler
                0x08000230                I2C3_EV_IRQHandler
                0x08000230                RTC_WKUP_IRQHandler
                0x08000230                SPI2_IRQHandler
                0x08000230                DMA1_Stream0_IRQHandler
                0x08000230                EXTI4_IRQHandler
                0x08000230                WWDG_IRQHandler
                0x08000230                OTG_FS_WKUP_IRQHandler
                0x08000230                TIM1_TRG_COM_TIM11_IRQHandler
                0x08000230                EXTI1_IRQHandler
                0x08000230                USART2_IRQHandler
                0x08000230                I2C2_ER_IRQHandler
                0x08000230                DMA2_Stream1_IRQHandler
                0x08000230                FLASH_IRQHandler
                0x08000230                DMA2_Stream4_IRQHandler
                0x08000230                USART1_IRQHandler
                0x08000230                OTG_FS_IRQHandler
                0x08000230                SPI3_IRQHandler
                0x08000230                DMA1_Stream4_IRQHandler
                0x08000230                I2C1_ER_IRQHandler
                0x08000230                DMA2_Stream6_IRQHandler
                0x08000230                DMA1_Stream3_IRQHandler
 *fill*         0x08000232        0x2 
 .text.SystemInit
                0x08000234       0x6c ./startup/system_stm32f4xx.o
                0x08000234                SystemInit
 .text.SetSysClock
                0x080002a0       0xf8 ./startup/system_stm32f4xx.o
 .text.pvPortMalloc
                0x08000398      0x124 ./Source/portable/MemMang/heap_2.o
                0x08000398                pvPortMalloc
 .text.vPortFree
                0x080004bc       0x74 ./Source/portable/MemMang/heap_2.o
                0x080004bc                vPortFree
 .text.prvHeapInit
                0x08000530       0x54 ./Source/portable/MemMang/heap_2.o
 .text.pxPortInitialiseStack
                0x08000584       0x68 ./Source/portable/GCC/ARM_CM4F/port.o
                0x08000584                pxPortInitialiseStack
 .text.prvTaskExitError
                0x080005ec       0x58 ./Source/portable/GCC/ARM_CM4F/port.o
 *fill*         0x08000644        0xc 
 .text.SVC_Handler
                0x08000650       0x28 ./Source/portable/GCC/ARM_CM4F/port.o
                0x08000650                SVC_Handler
 .text.prvPortStartFirstTask
                0x08000678       0x28 ./Source/portable/GCC/ARM_CM4F/port.o
 .text.xPortStartScheduler
                0x080006a0      0x144 ./Source/portable/GCC/ARM_CM4F/port.o
                0x080006a0                xPortStartScheduler
 .text.vPortEnterCritical
                0x080007e4       0x60 ./Source/portable/GCC/ARM_CM4F/port.o
                0x080007e4                vPortEnterCritical
 .text.vPortExitCritical
                0x08000844       0x54 ./Source/portable/GCC/ARM_CM4F/port.o
                0x08000844                vPortExitCritical
 *fill*         0x08000898        0x8 
 .text.PendSV_Handler
                0x080008a0       0x68 ./Source/portable/GCC/ARM_CM4F/port.o
                0x080008a0                PendSV_Handler
 .text.SysTick_Handler
                0x08000908       0x44 ./Source/portable/GCC/ARM_CM4F/port.o
                0x08000908                SysTick_Handler
 .text.vPortSetupTimerInterrupt
                0x0800094c       0x48 ./Source/portable/GCC/ARM_CM4F/port.o
                0x0800094c                vPortSetupTimerInterrupt
 .text.vPortEnableVFP
                0x08000994       0x14 ./Source/portable/GCC/ARM_CM4F/port.o
 .text.vPortValidateInterruptPriority
                0x080009a8       0x80 ./Source/portable/GCC/ARM_CM4F/port.o
                0x080009a8                vPortValidateInterruptPriority
 .text.vListInitialise
                0x08000a28       0x40 ./Source/list.o
                0x08000a28                vListInitialise
 .text.vListInitialiseItem
                0x08000a68       0x1a ./Source/list.o
                0x08000a68                vListInitialiseItem
 .text.vListInsertEnd
                0x08000a82       0x48 ./Source/list.o
                0x08000a82                vListInsertEnd
 .text.vListInsert
                0x08000aca       0x72 ./Source/list.o
                0x08000aca                vListInsert
 .text.uxListRemove
                0x08000b3c       0x54 ./Source/list.o
                0x08000b3c                uxListRemove
 .text.xQueueGenericReset
                0x08000b90       0xd0 ./Source/queue.o
                0x08000b90                xQueueGenericReset
 .text.xQueueGenericCreate
                0x08000c60       0x78 ./Source/queue.o
                0x08000c60                xQueueGenericCreate
 .text.prvInitialiseNewQueue
                0x08000cd8       0x46 ./Source/queue.o
 *fill*         0x08000d1e        0x2 
 .text.xQueueGenericSend
                0x08000d20      0x1fc ./Source/queue.o
                0x08000d20                xQueueGenericSend
 .text.xQueueGenericSendFromISR
                0x08000f1c      0x130 ./Source/queue.o
                0x08000f1c                xQueueGenericSendFromISR
 .text.xQueueGiveFromISR
                0x0800104c      0x11a ./Source/queue.o
                0x0800104c                xQueueGiveFromISR
 *fill*         0x08001166        0x2 
 .text.xQueueReceive
                0x08001168      0x1c0 ./Source/queue.o
                0x08001168                xQueueReceive
 .text.prvCopyDataToQueue
                0x08001328       0xd4 ./Source/queue.o
 .text.prvCopyDataFromQueue
                0x080013fc       0x4c ./Source/queue.o
 .text.prvUnlockQueue
                0x08001448       0xa4 ./Source/queue.o
 .text.prvIsQueueEmpty
                0x080014ec       0x2c ./Source/queue.o
 .text.prvIsQueueFull
                0x08001518       0x30 ./Source/queue.o
 .text.vQueueAddToRegistry
                0x08001548       0x54 ./Source/queue.o
                0x08001548                vQueueAddToRegistry
 .text.vQueueWaitForMessageRestricted
                0x0800159c       0x68 ./Source/queue.o
                0x0800159c                vQueueWaitForMessageRestricted
 .text.xTaskCreate
                0x08001604       0x82 ./Source/tasks.o
                0x08001604                xTaskCreate
 .text.prvInitialiseNewTask
                0x08001686      0x122 ./Source/tasks.o
 .text.prvAddNewTaskToReadyList
                0x080017a8       0xdc ./Source/tasks.o
 .text.vTaskDelayUntil
                0x08001884       0xfc ./Source/tasks.o
                0x08001884                vTaskDelayUntil
 .text.vTaskStartScheduler
                0x08001980       0x9c ./Source/tasks.o
                0x08001980                vTaskStartScheduler
 .text.vTaskSuspendAll
                0x08001a1c       0x1c ./Source/tasks.o
                0x08001a1c                vTaskSuspendAll
 .text.xTaskResumeAll
                0x08001a38      0x138 ./Source/tasks.o
                0x08001a38                xTaskResumeAll
 .text.xTaskGetTickCount
                0x08001b70       0x20 ./Source/tasks.o
                0x08001b70                xTaskGetTickCount
 .text.xTaskIncrementTick
                0x08001b90      0x180 ./Source/tasks.o
                0x08001b90                xTaskIncrementTick
 .text.vTaskSwitchContext
                0x08001d10      0x100 ./Source/tasks.o
                0x08001d10                vTaskSwitchContext
 .text.vTaskPlaceOnEventList
                0x08001e10       0x48 ./Source/tasks.o
                0x08001e10                vTaskPlaceOnEventList
 .text.vTaskPlaceOnEventListRestricted
                0x08001e58       0x58 ./Source/tasks.o
                0x08001e58                vTaskPlaceOnEventListRestricted
 .text.xTaskRemoveFromEventList
                0x08001eb0       0xc4 ./Source/tasks.o
                0x08001eb0                xTaskRemoveFromEventList
 .text.vTaskInternalSetTimeOutState
                0x08001f74       0x2c ./Source/tasks.o
                0x08001f74                vTaskInternalSetTimeOutState
 .text.xTaskCheckForTimeOut
                0x08001fa0       0xc4 ./Source/tasks.o
                0x08001fa0                xTaskCheckForTimeOut
 .text.vTaskMissedYield
                0x08002064       0x18 ./Source/tasks.o
                0x08002064                vTaskMissedYield
 .text.prvIdleTask
                0x0800207c       0x34 ./Source/tasks.o
 .text.prvInitialiseTaskLists
                0x080020b0       0x80 ./Source/tasks.o
 .text.prvCheckTasksWaitingTermination
                0x08002130       0x5c ./Source/tasks.o
 .text.prvDeleteTCB
                0x0800218c       0x20 ./Source/tasks.o
 .text.prvResetNextTaskUnblockTime
                0x080021ac       0x40 ./Source/tasks.o
 .text.xTaskGetSchedulerState
                0x080021ec       0x3c ./Source/tasks.o
                0x080021ec                xTaskGetSchedulerState
 .text.xTaskPriorityDisinherit
                0x08002228      0x10c ./Source/tasks.o
                0x08002228                xTaskPriorityDisinherit
 .text.prvAddCurrentTaskToDelayedList
                0x08002334       0xcc ./Source/tasks.o
 .text.xTimerCreateTimerTask
                0x08002400       0x64 ./Source/timers.o
                0x08002400                xTimerCreateTimerTask
 .text.xTimerGenericCommand
                0x08002464       0x9c ./Source/timers.o
                0x08002464                xTimerGenericCommand
 .text.prvProcessExpiredTimer
                0x08002500       0x98 ./Source/timers.o
 .text.prvTimerTask
                0x08002598       0x24 ./Source/timers.o
 .text.prvProcessTimerOrBlockTask
                0x080025bc       0x9c ./Source/timers.o
 .text.prvGetNextExpireTime
                0x08002658       0x48 ./Source/timers.o
 .text.prvSampleTimeNow
                0x080026a0       0x40 ./Source/timers.o
 .text.prvInsertTimerInActiveList
                0x080026e0       0x84 ./Source/timers.o
 .text.prvProcessReceivedCommands
                0x08002764      0x18c ./Source/timers.o
 .text.prvSwitchTimerLists
                0x080028f0       0xc8 ./Source/timers.o
 .text.prvCheckForValidListAndQueue
                0x080029b8       0x6c ./Source/timers.o
 .text.NVIC_PriorityGroupConfig
                0x08002a24       0x28 ./Libraries/STM32F4xx_StdPeriph_Driver/src/misc.o
                0x08002a24                NVIC_PriorityGroupConfig
 .text.EXTI_ClearITPendingBit
                0x08002a4c       0x20 ./Libraries/STM32F4xx_StdPeriph_Driver/src/stm32f4xx_exti.o
                0x08002a4c                EXTI_ClearITPendingBit
 .text.vStartLEDFlashTasks
                0x08002a6c       0x40 ./Common/Minimal/flash.o
                0x08002a6c                vStartLEDFlashTasks
 .text.vLEDFlashTask
                0x08002aac       0x68 ./Common/Minimal/flash.o
 .text.vParTestToggleLED
                0x08002b14       0x1e ./ParTest.o
                0x08002b14                vParTestToggleLED
 *fill*         0x08002b32        0x2 
 .text.NVIC_SetPendingIRQ
                0x08002b34       0x34 ./main.o
 .text.main     0x08002b68       0x18 ./main.o
                0x08002b68                main
 .text.prvSetupHardware
                0x08002b80       0x14 ./main.o
 .text.vApplicationTickHook
                0x08002b94        0xe ./main.o
                0x08002b94                vApplicationTickHook
 *fill*         0x08002ba2        0x2 
 .text.TIM3_IRQHandler
                0x08002ba4       0x40 ./main.o
                0x08002ba4                TIM3_IRQHandler
 .text.TIM2_IRQHandler
                0x08002be4       0x28 ./main.o
                0x08002be4                TIM2_IRQHandler
 .text.prvOptionallyCreateComprehensveTestApplication
                0x08002c0c        0xe ./main.o
 *fill*         0x08002c1a        0x2 
 .text.EXTI9_5_IRQHandler
                0x08002c1c       0x44 ./main.o
                0x08002c1c                EXTI9_5_IRQHandler
 .text.vApplicationMallocFailedHook
                0x08002c60       0x1c ./main.o
                0x08002c60                vApplicationMallocFailedHook
 .text.vApplicationIdleHook
                0x08002c7c        0xe ./main.o
                0x08002c7c                vApplicationIdleHook
 .text.vApplicationStackOverflowHook
                0x08002c8a       0x20 ./main.o
                0x08002c8a                vApplicationStackOverflowHook
 .text.NMI_Handler
                0x08002caa        0xe ./stm32f4xx_it.o
                0x08002caa                NMI_Handler
 .text.HardFault_Handler
                0x08002cb8        0x6 ./stm32f4xx_it.o
                0x08002cb8                HardFault_Handler
 .text.MemManage_Handler
                0x08002cbe        0x6 ./stm32f4xx_it.o
                0x08002cbe                MemManage_Handler
 .text.BusFault_Handler
                0x08002cc4        0x6 ./stm32f4xx_it.o
                0x08002cc4                BusFault_Handler
 .text.UsageFault_Handler
                0x08002cca        0x6 ./stm32f4xx_it.o
                0x08002cca                UsageFault_Handler
 .text.DebugMon_Handler
                0x08002cd0        0xe ./stm32f4xx_it.o
                0x08002cd0                DebugMon_Handler
 *fill*         0x08002cde        0x2 
 .text.__libc_init_array
                0x08002ce0       0x48 c:/program files (x86)/gnu tools arm embedded/9 2019-q4-major/bin/../lib/gcc/arm-none-eabi/9.2.1/../../../../arm-none-eabi/lib/thumb/v7e-m+fp/hard\libg_nano.a(lib_a-init.o)
                0x08002ce0                __libc_init_array
 .text.memcpy   0x08002d28       0x1c c:/program files (x86)/gnu tools arm embedded/9 2019-q4-major/bin/../lib/gcc/arm-none-eabi/9.2.1/../../../../arm-none-eabi/lib/thumb/v7e-m+fp/hard\libg_nano.a(lib_a-memcpy-stub.o)
                0x08002d28                memcpy
 .text.memset   0x08002d44       0x10 c:/program files (x86)/gnu tools arm embedded/9 2019-q4-major/bin/../lib/gcc/arm-none-eabi/9.2.1/../../../../arm-none-eabi/lib/thumb/v7e-m+fp/hard\libg_nano.a(lib_a-memset.o)
                0x08002d44                memset
 *(.glue_7)
 .glue_7        0x08002d54        0x0 linker stubs
 *(.glue_7t)
 .glue_7t       0x08002d54        0x0 linker stubs
 *(.eh_frame)
 .eh_frame      0x08002d54        0x0 c:/program files (x86)/gnu tools arm embedded/9 2019-q4-major/bin/../lib/gcc/arm-none-eabi/9.2.1/thumb/v7e-m+fp/hard/crtbegin.o
 *(.init)
 .init          0x08002d54        0x4 c:/program files (x86)/gnu tools arm embedded/9 2019-q4-major/bin/../lib/gcc/arm-none-eabi/9.2.1/thumb/v7e-m+fp/hard/crti.o
                0x08002d54                _init
 .init          0x08002d58        0x8 c:/program files (x86)/gnu tools arm embedded/9 2019-q4-major/bin/../lib/gcc/arm-none-eabi/9.2.1/thumb/v7e-m+fp/hard/crtn.o
 *(.fini)
 .fini          0x08002d60        0x4 c:/program files (x86)/gnu tools arm embedded/9 2019-q4-major/bin/../lib/gcc/arm-none-eabi/9.2.1/thumb/v7e-m+fp/hard/crti.o
                0x08002d60                _fini
 .fini          0x08002d64        0x8 c:/program files (x86)/gnu tools arm embedded/9 2019-q4-major/bin/../lib/gcc/arm-none-eabi/9.2.1/thumb/v7e-m+fp/hard/crtn.o
                0x08002d6c                . = ALIGN (0x4)
                0x08002d6c                _etext = .

.vfp11_veneer   0x08002d6c        0x0
 .vfp11_veneer  0x08002d6c        0x0 linker stubs

.v4_bx          0x08002d6c        0x0
 .v4_bx         0x08002d6c        0x0 linker stubs

.iplt           0x08002d6c        0x0
 .iplt          0x08002d6c        0x0 c:/program files (x86)/gnu tools arm embedded/9 2019-q4-major/bin/../lib/gcc/arm-none-eabi/9.2.1/thumb/v7e-m+fp/hard/crtbegin.o

.rodata         0x08002d6c       0x20
                0x08002d6c                . = ALIGN (0x4)
 *(.rodata)
 .rodata        0x08002d6c        0x5 ./Source/tasks.o
 *fill*         0x08002d71        0x3 
 .rodata        0x08002d74        0xd ./Source/timers.o
 *fill*         0x08002d81        0x3 
 .rodata        0x08002d84        0x5 ./Common/Minimal/flash.o
 *(.rodata*)
                0x08002d8c                . = ALIGN (0x4)
 *fill*         0x08002d89        0x3 

.rel.dyn        0x08002d8c        0x0
 .rel.iplt      0x08002d8c        0x0 c:/program files (x86)/gnu tools arm embedded/9 2019-q4-major/bin/../lib/gcc/arm-none-eabi/9.2.1/thumb/v7e-m+fp/hard/crtbegin.o

.ARM.extab
 *(.ARM.extab* .gnu.linkonce.armextab.*)

.ARM            0x08002d8c        0x0
                0x08002d8c                __exidx_start = .
 *(.ARM.exidx*)
                0x08002d8c                __exidx_end = .

.preinit_array  0x08002d8c        0x0
                0x08002d8c                PROVIDE (__preinit_array_start = .)
 *(.preinit_array*)
                0x08002d8c                PROVIDE (__preinit_array_end = .)

.init_array     0x08002d8c        0x4
                0x08002d8c                PROVIDE (__init_array_start = .)
 *(SORT_BY_NAME(.init_array.*))
 *(.init_array*)
 .init_array    0x08002d8c        0x4 c:/program files (x86)/gnu tools arm embedded/9 2019-q4-major/bin/../lib/gcc/arm-none-eabi/9.2.1/thumb/v7e-m+fp/hard/crtbegin.o
                0x08002d90                PROVIDE (__init_array_end = .)

.fini_array     0x08002d90        0x4
                [!provide]                PROVIDE (__fini_array_start = .)
 *(SORT_BY_NAME(.fini_array.*))
 *(.fini_array*)
 .fini_array    0x08002d90        0x4 c:/program files (x86)/gnu tools arm embedded/9 2019-q4-major/bin/../lib/gcc/arm-none-eabi/9.2.1/thumb/v7e-m+fp/hard/crtbegin.o
                [!provide]                PROVIDE (__fini_array_end = .)
                0x08002d94                _sidata = LOADADDR (.data)

.data           0x20000000        0xc load address 0x08002d94
                0x20000000                . = ALIGN (0x4)
                0x20000000                _sdata = .
 *(.data)
 *(.data*)
 .data.SystemCoreClock
                0x20000000        0x4 ./startup/system_stm32f4xx.o
                0x20000000                SystemCoreClock
 .data.xFreeBytesRemaining
                0x20000004        0x4 ./Source/portable/MemMang/heap_2.o
 .data.uxCriticalNesting
                0x20000008        0x4 ./Source/portable/GCC/ARM_CM4F/port.o
                0x2000000c                . = ALIGN (0x4)
                0x2000000c                _edata = .

.igot.plt       0x2000000c        0x0 load address 0x08002da0
 .igot.plt      0x2000000c        0x0 c:/program files (x86)/gnu tools arm embedded/9 2019-q4-major/bin/../lib/gcc/arm-none-eabi/9.2.1/thumb/v7e-m+fp/hard/crtbegin.o
                0x2000000c                . = ALIGN (0x4)

.bss            0x2000000c     0x51c8 load address 0x08002da0
                0x2000000c                _sbss = .
                0x2000000c                __bss_start__ = _sbss
 *(.bss)
 .bss           0x2000000c       0x1c c:/program files (x86)/gnu tools arm embedded/9 2019-q4-major/bin/../lib/gcc/arm-none-eabi/9.2.1/thumb/v7e-m+fp/hard/crtbegin.o
 *(.bss*)
 .bss.ucHeap    0x20000028     0x5000 ./Source/portable/MemMang/heap_2.o
 .bss.xStart    0x20005028        0x8 ./Source/portable/MemMang/heap_2.o
 .bss.xEnd      0x20005030        0x8 ./Source/portable/MemMang/heap_2.o
 .bss.xHeapHasBeenInitialised.6541
                0x20005038        0x4 ./Source/portable/MemMang/heap_2.o
 .bss.ucMaxSysCallPriority
                0x2000503c        0x1 ./Source/portable/GCC/ARM_CM4F/port.o
 *fill*         0x2000503d        0x3 
 .bss.ulMaxPRIGROUPValue
                0x20005040        0x4 ./Source/portable/GCC/ARM_CM4F/port.o
 .bss.pxCurrentTCB
                0x20005044        0x4 ./Source/tasks.o
                0x20005044                pxCurrentTCB
 .bss.pxReadyTasksLists
                0x20005048       0x64 ./Source/tasks.o
 .bss.xDelayedTaskList1
                0x200050ac       0x14 ./Source/tasks.o
 .bss.xDelayedTaskList2
                0x200050c0       0x14 ./Source/tasks.o
 .bss.pxDelayedTaskList
                0x200050d4        0x4 ./Source/tasks.o
 .bss.pxOverflowDelayedTaskList
                0x200050d8        0x4 ./Source/tasks.o
 .bss.xPendingReadyList
                0x200050dc       0x14 ./Source/tasks.o
 .bss.xTasksWaitingTermination
                0x200050f0       0x14 ./Source/tasks.o
 .bss.uxDeletedTasksWaitingCleanUp
                0x20005104        0x4 ./Source/tasks.o
 .bss.xSuspendedTaskList
                0x20005108       0x14 ./Source/tasks.o
 .bss.uxCurrentNumberOfTasks
                0x2000511c        0x4 ./Source/tasks.o
 .bss.xTickCount
                0x20005120        0x4 ./Source/tasks.o
 .bss.uxTopReadyPriority
                0x20005124        0x4 ./Source/tasks.o
 .bss.xSchedulerRunning
                0x20005128        0x4 ./Source/tasks.o
 .bss.uxPendedTicks
                0x2000512c        0x4 ./Source/tasks.o
 .bss.xYieldPending
                0x20005130        0x4 ./Source/tasks.o
 .bss.xNumOfOverflows
                0x20005134        0x4 ./Source/tasks.o
 .bss.uxTaskNumber
                0x20005138        0x4 ./Source/tasks.o
 .bss.xNextTaskUnblockTime
                0x2000513c        0x4 ./Source/tasks.o
 .bss.xIdleTaskHandle
                0x20005140        0x4 ./Source/tasks.o
 .bss.uxSchedulerSuspended
                0x20005144        0x4 ./Source/tasks.o
 .bss.xActiveTimerList1
                0x20005148       0x14 ./Source/timers.o
 .bss.xActiveTimerList2
                0x2000515c       0x14 ./Source/timers.o
 .bss.pxCurrentTimerList
                0x20005170        0x4 ./Source/timers.o
 .bss.pxOverflowTimerList
                0x20005174        0x4 ./Source/timers.o
 .bss.xTimerQueue
                0x20005178        0x4 ./Source/timers.o
 .bss.xTimerTaskHandle
                0x2000517c        0x4 ./Source/timers.o
 .bss.xLastTime.6845
                0x20005180        0x4 ./Source/timers.o
 .bss.uxFlashTaskNumber
                0x20005184        0x4 ./Common/Minimal/flash.o
 .bss.ulFPUInterruptNesting
                0x20005188        0x4 ./main.o
                0x20005188                ulFPUInterruptNesting
 .bss.ulMaxFPUInterruptNesting
                0x2000518c        0x4 ./main.o
                0x2000518c                ulMaxFPUInterruptNesting
 .bss.xTestSemaphore
                0x20005190        0x4 ./main.o
 *(COMMON)
 COMMON         0x20005194       0x40 ./Source/queue.o
                0x20005194                xQueueRegistry
                0x200051d4                . = ALIGN (0x4)
                0x200051d4                _ebss = .
                0x200051d4                __bss_end__ = _ebss

._user_heap_stack
                0x200051d4     0x8404 load address 0x08002da0
                0x200051d8                . = ALIGN (0x8)
 *fill*         0x200051d4        0x4 
                [!provide]                PROVIDE (end = .)
                [!provide]                PROVIDE (_end = .)
                0x200051d8                __heap_start = .
                0x2000d1d8                . = (. + _Min_Heap_Size)
 *fill*         0x200051d8     0x8000 
                0x2000d1d8                __heap_limit = .
                0x2000d5d8                . = (. + _Min_Stack_Size)
 *fill*         0x2000d1d8      0x400 
                0x2000d5d8                . = ALIGN (0x8)

/DISCARD/
 libc.a(*)
 libm.a(*)
 libgcc.a(*)

.ARM.attributes
                0x00000000       0x30
 *(.ARM.attributes)
 .ARM.attributes
                0x00000000       0x1e c:/program files (x86)/gnu tools arm embedded/9 2019-q4-major/bin/../lib/gcc/arm-none-eabi/9.2.1/thumb/v7e-m+fp/hard/crti.o
 .ARM.attributes
                0x0000001e       0x34 c:/program files (x86)/gnu tools arm embedded/9 2019-q4-major/bin/../lib/gcc/arm-none-eabi/9.2.1/thumb/v7e-m+fp/hard/crtbegin.o
 .ARM.attributes
                0x00000052       0x21 ./startup/startup_stm32f401xe-gcc.o
 .ARM.attributes
                0x00000073       0x34 ./startup/system_stm32f4xx.o
 .ARM.attributes
                0x000000a7       0x34 ./Source/portable/MemMang/heap_2.o
 .ARM.attributes
                0x000000db       0x34 ./Source/portable/GCC/ARM_CM4F/port.o
 .ARM.attributes
                0x0000010f       0x34 ./Source/list.o
 .ARM.attributes
                0x00000143       0x34 ./Source/queue.o
 .ARM.attributes
                0x00000177       0x34 ./Source/tasks.o
 .ARM.attributes
                0x000001ab       0x34 ./Source/timers.o
 .ARM.attributes
                0x000001df       0x34 ./Libraries/STM32F4xx_StdPeriph_Driver/src/misc.o
 .ARM.attributes
                0x00000213       0x34 ./Libraries/STM32F4xx_StdPeriph_Driver/src/stm32f4xx_exti.o
 .ARM.attributes
                0x00000247       0x34 ./Common/Minimal/flash.o
 .ARM.attributes
                0x0000027b       0x34 ./ParTest.o
 .ARM.attributes
                0x000002af       0x34 ./main.o
 .ARM.attributes
                0x000002e3       0x34 ./stm32f4xx_it.o
 .ARM.attributes
                0x00000317       0x34 c:/program files (x86)/gnu tools arm embedded/9 2019-q4-major/bin/../lib/gcc/arm-none-eabi/9.2.1/../../../../arm-none-eabi/lib/thumb/v7e-m+fp/hard\libg_nano.a(lib_a-init.o)
 .ARM.attributes
                0x0000034b       0x34 c:/program files (x86)/gnu tools arm embedded/9 2019-q4-major/bin/../lib/gcc/arm-none-eabi/9.2.1/../../../../arm-none-eabi/lib/thumb/v7e-m+fp/hard\libg_nano.a(lib_a-memcpy-stub.o)
 .ARM.attributes
                0x0000037f       0x34 c:/program files (x86)/gnu tools arm embedded/9 2019-q4-major/bin/../lib/gcc/arm-none-eabi/9.2.1/../../../../arm-none-eabi/lib/thumb/v7e-m+fp/hard\libg_nano.a(lib_a-memset.o)
 .ARM.attributes
                0x000003b3       0x1e c:/program files (x86)/gnu tools arm embedded/9 2019-q4-major/bin/../lib/gcc/arm-none-eabi/9.2.1/thumb/v7e-m+fp/hard/crtn.o
OUTPUT(FreeRTOSTest.elf elf32-littlearm)

.debug_line     0x00000000     0x866a
 .debug_line    0x00000000       0x83 ./startup/startup_stm32f401xe-gcc.o
 .debug_line    0x00000083      0x80d ./startup/system_stm32f4xx.o
 .debug_line    0x00000890      0x5f9 ./Source/portable/MemMang/heap_2.o
 .debug_line    0x00000e89      0x73b ./Source/portable/GCC/ARM_CM4F/port.o
 .debug_line    0x000015c4      0x58f ./Source/list.o
 .debug_line    0x00001b53     0x139f ./Source/queue.o
 .debug_line    0x00002ef2     0x19e0 ./Source/tasks.o
 .debug_line    0x000048d2      0xaaa ./Source/timers.o
 .debug_line    0x0000537c      0x7b3 ./Libraries/STM32F4xx_StdPeriph_Driver/src/misc.o
 .debug_line    0x00005b2f      0x84d ./Libraries/STM32F4xx_StdPeriph_Driver/src/stm32f4xx_exti.o
 .debug_line    0x0000637c      0x58c ./Common/Minimal/flash.o
 .debug_line    0x00006908      0x969 ./ParTest.o
 .debug_line    0x00007271      0xc79 ./main.o
 .debug_line    0x00007eea      0x780 ./stm32f4xx_it.o

.debug_info     0x00000000     0x9cdf
 .debug_info    0x00000000       0x22 ./startup/startup_stm32f401xe-gcc.o
 .debug_info    0x00000022      0x623 ./startup/system_stm32f4xx.o
 .debug_info    0x00000645      0xbc1 ./Source/portable/MemMang/heap_2.o
 .debug_info    0x00001206      0x4f1 ./Source/portable/GCC/ARM_CM4F/port.o
 .debug_info    0x000016f7      0xb82 ./Source/list.o
 .debug_info    0x00002279     0x1f3f ./Source/queue.o
 .debug_info    0x000041b8     0x2797 ./Source/tasks.o
 .debug_info    0x0000694f     0x1501 ./Source/timers.o
 .debug_info    0x00007e50      0x596 ./Libraries/STM32F4xx_StdPeriph_Driver/src/misc.o
 .debug_info    0x000083e6      0x397 ./Libraries/STM32F4xx_StdPeriph_Driver/src/stm32f4xx_exti.o
 .debug_info    0x0000877d      0xa1f ./Common/Minimal/flash.o
 .debug_info    0x0000919c      0x1a4 ./ParTest.o
 .debug_info    0x00009340      0x81b ./main.o
 .debug_info    0x00009b5b      0x184 ./stm32f4xx_it.o

.debug_abbrev   0x00000000     0x1d4f
 .debug_abbrev  0x00000000       0x12 ./startup/startup_stm32f401xe-gcc.o
 .debug_abbrev  0x00000012      0x17b ./startup/system_stm32f4xx.o
 .debug_abbrev  0x0000018d      0x2b4 ./Source/portable/MemMang/heap_2.o
 .debug_abbrev  0x00000441      0x231 ./Source/portable/GCC/ARM_CM4F/port.o
 .debug_abbrev  0x00000672      0x235 ./Source/list.o
 .debug_abbrev  0x000008a7      0x3a0 ./Source/queue.o
 .debug_abbrev  0x00000c47      0x3ed ./Source/tasks.o
 .debug_abbrev  0x00001034      0x33b ./Source/timers.o
 .debug_abbrev  0x0000136f      0x199 ./Libraries/STM32F4xx_StdPeriph_Driver/src/misc.o
 .debug_abbrev  0x00001508      0x1ed ./Libraries/STM32F4xx_StdPeriph_Driver/src/stm32f4xx_exti.o
 .debug_abbrev  0x000016f5      0x215 ./Common/Minimal/flash.o
 .debug_abbrev  0x0000190a       0xf6 ./ParTest.o
 .debug_abbrev  0x00001a00      0x2cc ./main.o
 .debug_abbrev  0x00001ccc       0x83 ./stm32f4xx_it.o

.debug_aranges  0x00000000      0x730
 .debug_aranges
                0x00000000       0x28 ./startup/startup_stm32f401xe-gcc.o
 .debug_aranges
                0x00000028       0x30 ./startup/system_stm32f4xx.o
 .debug_aranges
                0x00000058       0x40 ./Source/portable/MemMang/heap_2.o
 .debug_aranges
                0x00000098       0x80 ./Source/portable/GCC/ARM_CM4F/port.o
 .debug_aranges
                0x00000118       0x40 ./Source/list.o
 .debug_aranges
                0x00000158      0x130 ./Source/queue.o
 .debug_aranges
                0x00000288      0x1e8 ./Source/tasks.o
 .debug_aranges
                0x00000470       0xd0 ./Source/timers.o
 .debug_aranges
                0x00000540       0x40 ./Libraries/STM32F4xx_StdPeriph_Driver/src/misc.o
 .debug_aranges
                0x00000580       0x58 ./Libraries/STM32F4xx_StdPeriph_Driver/src/stm32f4xx_exti.o
 .debug_aranges
                0x000005d8       0x28 ./Common/Minimal/flash.o
 .debug_aranges
                0x00000600       0x30 ./ParTest.o
 .debug_aranges
                0x00000630       0x90 ./main.o
 .debug_aranges
                0x000006c0       0x70 ./stm32f4xx_it.o

.debug_str      0x00000000    0x657be
 .debug_str     0x00000000       0x8f ./startup/startup_stm32f401xe-gcc.o
 .debug_str     0x0000008f    0x57c93 ./startup/system_stm32f4xx.o
                              0x57e4e (size before relaxing)
 .debug_str     0x00057d22     0x7079 ./Source/portable/MemMang/heap_2.o
                               0xaeae (size before relaxing)
 .debug_str     0x0005ed9b      0x852 ./Source/portable/GCC/ARM_CM4F/port.o
                               0x86e5 (size before relaxing)
 .debug_str     0x0005f5ed      0x110 ./Source/list.o
                               0xa584 (size before relaxing)
 .debug_str     0x0005f6fd      0xfa1 ./Source/queue.o
                               0xbc36 (size before relaxing)
 .debug_str     0x0006069e     0x1c8e ./Source/tasks.o
                               0xca73 (size before relaxing)
 .debug_str     0x0006232c      0x4f2 ./Source/timers.o
                               0xc087 (size before relaxing)
 .debug_str     0x0006281e      0x217 ./Libraries/STM32F4xx_StdPeriph_Driver/src/misc.o
                              0x57e8f (size before relaxing)
 .debug_str     0x00062a35      0x1f9 ./Libraries/STM32F4xx_StdPeriph_Driver/src/stm32f4xx_exti.o
                              0x57e12 (size before relaxing)
 .debug_str     0x00062c2e      0x12a ./Common/Minimal/flash.o
                               0xac37 (size before relaxing)
 .debug_str     0x00062d58     0x190d ./ParTest.o
                              0x5d61f (size before relaxing)
 .debug_str     0x00064665     0x109e ./main.o
                              0x5f767 (size before relaxing)
 .debug_str     0x00065703       0xbb ./stm32f4xx_it.o
                              0x57cfe (size before relaxing)

.debug_ranges   0x00000000      0x658
 .debug_ranges  0x00000000       0x20 ./startup/startup_stm32f401xe-gcc.o
 .debug_ranges  0x00000020       0x20 ./startup/system_stm32f4xx.o
 .debug_ranges  0x00000040       0x30 ./Source/portable/MemMang/heap_2.o
 .debug_ranges  0x00000070       0x70 ./Source/portable/GCC/ARM_CM4F/port.o
 .debug_ranges  0x000000e0       0x30 ./Source/list.o
 .debug_ranges  0x00000110      0x120 ./Source/queue.o
 .debug_ranges  0x00000230      0x1d8 ./Source/tasks.o
 .debug_ranges  0x00000408       0xc0 ./Source/timers.o
 .debug_ranges  0x000004c8       0x30 ./Libraries/STM32F4xx_StdPeriph_Driver/src/misc.o
 .debug_ranges  0x000004f8       0x48 ./Libraries/STM32F4xx_StdPeriph_Driver/src/stm32f4xx_exti.o
 .debug_ranges  0x00000540       0x18 ./Common/Minimal/flash.o
 .debug_ranges  0x00000558       0x20 ./ParTest.o
 .debug_ranges  0x00000578       0x80 ./main.o
 .debug_ranges  0x000005f8       0x60 ./stm32f4xx_it.o

.debug_macro    0x00000000    0x10a0e
 .debug_macro   0x00000000      0x1e9 ./startup/system_stm32f4xx.o
 .debug_macro   0x000001e9      0xa9c ./startup/system_stm32f4xx.o
 .debug_macro   0x00000c85       0x5d ./startup/system_stm32f4xx.o
 .debug_macro   0x00000ce2       0x22 ./startup/system_stm32f4xx.o
 .debug_macro   0x00000d04       0x8e ./startup/system_stm32f4xx.o
 .debug_macro   0x00000d92       0x51 ./startup/system_stm32f4xx.o
 .debug_macro   0x00000de3       0xef ./startup/system_stm32f4xx.o
 .debug_macro   0x00000ed2       0x6a ./startup/system_stm32f4xx.o
 .debug_macro   0x00000f3c      0x1df ./startup/system_stm32f4xx.o
 .debug_macro   0x0000111b       0x35 ./startup/system_stm32f4xx.o
 .debug_macro   0x00001150       0x50 ./startup/system_stm32f4xx.o
 .debug_macro   0x000011a0      0xe66 ./startup/system_stm32f4xx.o
 .debug_macro   0x00002006     0x8057 ./startup/system_stm32f4xx.o
 .debug_macro   0x0000a05d      0x44e ./startup/system_stm32f4xx.o
 .debug_macro   0x0000a4ab      0x3cf ./startup/system_stm32f4xx.o
 .debug_macro   0x0000a87a      0x111 ./startup/system_stm32f4xx.o
 .debug_macro   0x0000a98b      0x182 ./startup/system_stm32f4xx.o
 .debug_macro   0x0000ab0d       0xb2 ./startup/system_stm32f4xx.o
 .debug_macro   0x0000abbf      0x146 ./startup/system_stm32f4xx.o
 .debug_macro   0x0000ad05      0x477 ./startup/system_stm32f4xx.o
 .debug_macro   0x0000b17c       0xac ./startup/system_stm32f4xx.o
 .debug_macro   0x0000b228      0x241 ./startup/system_stm32f4xx.o
 .debug_macro   0x0000b469      0x279 ./startup/system_stm32f4xx.o
 .debug_macro   0x0000b6e2       0xb5 ./startup/system_stm32f4xx.o
 .debug_macro   0x0000b797      0x265 ./startup/system_stm32f4xx.o
 .debug_macro   0x0000b9fc      0x2b1 ./startup/system_stm32f4xx.o
 .debug_macro   0x0000bcad       0x64 ./startup/system_stm32f4xx.o
 .debug_macro   0x0000bd11       0xa6 ./startup/system_stm32f4xx.o
 .debug_macro   0x0000bdb7      0x538 ./startup/system_stm32f4xx.o
 .debug_macro   0x0000c2ef       0x40 ./startup/system_stm32f4xx.o
 .debug_macro   0x0000c32f      0x57a ./startup/system_stm32f4xx.o
 .debug_macro   0x0000c8a9      0x341 ./startup/system_stm32f4xx.o
 .debug_macro   0x0000cbea      0x36a ./startup/system_stm32f4xx.o
 .debug_macro   0x0000cf54       0xdf ./startup/system_stm32f4xx.o
 .debug_macro   0x0000d033      0x73b ./startup/system_stm32f4xx.o
 .debug_macro   0x0000d76e      0x220 ./startup/system_stm32f4xx.o
 .debug_macro   0x0000d98e       0x34 ./startup/system_stm32f4xx.o
 .debug_macro   0x0000d9c2       0x7f ./startup/system_stm32f4xx.o
 .debug_macro   0x0000da41       0x35 ./startup/system_stm32f4xx.o
 .debug_macro   0x0000da76      0x1a7 ./Source/portable/MemMang/heap_2.o
 .debug_macro   0x0000dc1d       0x18 ./Source/portable/MemMang/heap_2.o
 .debug_macro   0x0000dc35       0x58 ./Source/portable/MemMang/heap_2.o
 .debug_macro   0x0000dc8d       0x94 ./Source/portable/MemMang/heap_2.o
 .debug_macro   0x0000dd21       0x35 ./Source/portable/MemMang/heap_2.o
 .debug_macro   0x0000dd56       0x34 ./Source/portable/MemMang/heap_2.o
 .debug_macro   0x0000dd8a       0x16 ./Source/portable/MemMang/heap_2.o
 .debug_macro   0x0000dda0      0x10e ./Source/portable/MemMang/heap_2.o
 .debug_macro   0x0000deae       0x8d ./Source/portable/MemMang/heap_2.o
 .debug_macro   0x0000df3b       0x57 ./Source/portable/MemMang/heap_2.o
 .debug_macro   0x0000df92       0x58 ./Source/portable/MemMang/heap_2.o
 .debug_macro   0x0000dfea       0x1f ./Source/portable/MemMang/heap_2.o
 .debug_macro   0x0000e009       0x43 ./Source/portable/MemMang/heap_2.o
 .debug_macro   0x0000e04c       0x20 ./Source/portable/MemMang/heap_2.o
 .debug_macro   0x0000e06c      0x18e ./Source/portable/MemMang/heap_2.o
 .debug_macro   0x0000e1fa      0x339 ./Source/portable/MemMang/heap_2.o
 .debug_macro   0x0000e533       0x16 ./Source/portable/MemMang/heap_2.o
 .debug_macro   0x0000e549       0x29 ./Source/portable/MemMang/heap_2.o
 .debug_macro   0x0000e572      0x10c ./Source/portable/MemMang/heap_2.o
 .debug_macro   0x0000e67e      0x15a ./Source/portable/MemMang/heap_2.o
 .debug_macro   0x0000e7d8       0xe4 ./Source/portable/MemMang/heap_2.o
 .debug_macro   0x0000e8bc       0x1c ./Source/portable/MemMang/heap_2.o
 .debug_macro   0x0000e8d8       0x26 ./Source/portable/MemMang/heap_2.o
 .debug_macro   0x0000e8fe      0x4cc ./Source/portable/MemMang/heap_2.o
 .debug_macro   0x0000edca       0xb5 ./Source/portable/MemMang/heap_2.o
 .debug_macro   0x0000ee7f       0xaa ./Source/portable/MemMang/heap_2.o
 .debug_macro   0x0000ef29      0x196 ./Source/portable/GCC/ARM_CM4F/port.o
 .debug_macro   0x0000f0bf      0x174 ./Source/portable/GCC/ARM_CM4F/port.o
 .debug_macro   0x0000f233      0x17a ./Source/list.o
 .debug_macro   0x0000f3ad      0x204 ./Source/queue.o
 .debug_macro   0x0000f5b1       0x16 ./Source/queue.o
 .debug_macro   0x0000f5c7       0x35 ./Source/queue.o
 .debug_macro   0x0000f5fc       0x80 ./Source/queue.o
 .debug_macro   0x0000f67c      0x267 ./Source/tasks.o
 .debug_macro   0x0000f8e3       0x10 ./Source/tasks.o
 .debug_macro   0x0000f8f3      0x1cf ./Source/timers.o
 .debug_macro   0x0000fac2       0x97 ./Source/timers.o
 .debug_macro   0x0000fb59      0x1d6 ./Libraries/STM32F4xx_StdPeriph_Driver/src/misc.o
 .debug_macro   0x0000fd2f       0x79 ./Libraries/STM32F4xx_StdPeriph_Driver/src/misc.o
 .debug_macro   0x0000fda8      0x1d6 ./Libraries/STM32F4xx_StdPeriph_Driver/src/stm32f4xx_exti.o
 .debug_macro   0x0000ff7e       0xa6 ./Libraries/STM32F4xx_StdPeriph_Driver/src/stm32f4xx_exti.o
 .debug_macro   0x00010024      0x1ae ./Common/Minimal/flash.o
 .debug_macro   0x000101d2       0x10 ./Common/Minimal/flash.o
 .debug_macro   0x000101e2      0x24b ./ParTest.o
 .debug_macro   0x0001042d       0x3b ./ParTest.o
 .debug_macro   0x00010468      0x33b ./main.o
 .debug_macro   0x000107a3       0x86 ./main.o
 .debug_macro   0x00010829      0x1d5 ./stm32f4xx_it.o
 .debug_macro   0x000109fe       0x10 ./stm32f4xx_it.o

.comment        0x00000000       0x79
 .comment       0x00000000       0x79 ./startup/system_stm32f4xx.o
                                 0x7a (size before relaxing)
 .comment       0x00000079       0x7a ./Source/portable/MemMang/heap_2.o
 .comment       0x00000079       0x7a ./Source/portable/GCC/ARM_CM4F/port.o
 .comment       0x00000079       0x7a ./Source/list.o
 .comment       0x00000079       0x7a ./Source/queue.o
 .comment       0x00000079       0x7a ./Source/tasks.o
 .comment       0x00000079       0x7a ./Source/timers.o
 .comment       0x00000079       0x7a ./Libraries/STM32F4xx_StdPeriph_Driver/src/misc.o
 .comment       0x00000079       0x7a ./Libraries/STM32F4xx_StdPeriph_Driver/src/stm32f4xx_exti.o
 .comment       0x00000079       0x7a ./Common/Minimal/flash.o
 .comment       0x00000079       0x7a ./ParTest.o
 .comment       0x00000079       0x7a ./main.o
 .comment       0x00000079       0x7a ./stm32f4xx_it.o

.debug_frame    0x00000000     0x1b44
 .debug_frame   0x00000000       0x7c ./startup/system_stm32f4xx.o
 .debug_frame   0x0000007c       0xc0 ./Source/portable/MemMang/heap_2.o
 .debug_frame   0x0000013c      0x1a8 ./Source/portable/GCC/ARM_CM4F/port.o
 .debug_frame   0x000002e4       0xd8 ./Source/list.o
 .debug_frame   0x000003bc      0x530 ./Source/queue.o
 .debug_frame   0x000008ec      0x850 ./Source/tasks.o
 .debug_frame   0x0000113c      0x368 ./Source/timers.o
 .debug_frame   0x000014a4       0xd8 ./Libraries/STM32F4xx_StdPeriph_Driver/src/misc.o
 .debug_frame   0x0000157c      0x148 ./Libraries/STM32F4xx_StdPeriph_Driver/src/stm32f4xx_exti.o
 .debug_frame   0x000016c4       0x54 ./Common/Minimal/flash.o
 .debug_frame   0x00001718       0x74 ./ParTest.o
 .debug_frame   0x0000178c      0x1f4 ./main.o
 .debug_frame   0x00001980      0x150 ./stm32f4xx_it.o
 .debug_frame   0x00001ad0       0x2c c:/program files (x86)/gnu tools arm embedded/9 2019-q4-major/bin/../lib/gcc/arm-none-eabi/9.2.1/../../../../arm-none-eabi/lib/thumb/v7e-m+fp/hard\libg_nano.a(lib_a-init.o)
 .debug_frame   0x00001afc       0x28 c:/program files (x86)/gnu tools arm embedded/9 2019-q4-major/bin/../lib/gcc/arm-none-eabi/9.2.1/../../../../arm-none-eabi/lib/thumb/v7e-m+fp/hard\libg_nano.a(lib_a-memcpy-stub.o)
 .debug_frame   0x00001b24       0x20 c:/program files (x86)/gnu tools arm embedded/9 2019-q4-major/bin/../lib/gcc/arm-none-eabi/9.2.1/../../../../arm-none-eabi/lib/thumb/v7e-m+fp/hard\libg_nano.a(lib_a-memset.o)
